Component: ARM Compiler 5.06 update 7 (build 960) Tool: armlink [4d3601]

==============================================================================

Section Cross References

    main.o(i.main) refers to system.o(i.systemInit) for systemInit
    main.o(i.main) refers to tasks.o(i.xTaskCreate) for xTaskCreate
    main.o(i.main) refers to tasks.o(i.vTaskStartScheduler) for vTaskStartScheduler
    main.o(i.main) refers to main.o(.data) for StartTask_Handler
    main.o(i.main) refers to main.o(i.start_task) for start_task
    main.o(i.start_task) refers to port.o(i.vPortEnterCritical) for vPortEnterCritical
    main.o(i.start_task) refers to tasks.o(i.xTaskCreate) for xTaskCreate
    main.o(i.start_task) refers to tasks.o(i.vTaskDelete) for vTaskDelete
    main.o(i.start_task) refers to port.o(i.vPortExitCritical) for vPortExitCritical
    main.o(i.start_task) refers to balance.o(i.Balance_task) for Balance_task
    main.o(i.start_task) refers to show.o(i.show_task) for show_task
    main.o(i.start_task) refers to led.o(i.led_task) for led_task
    main.o(i.start_task) refers to pstwo.o(i.pstwo_task) for pstwo_task
    main.o(i.start_task) refers to adc.o(i.adc_task) for adc_task
    main.o(i.start_task) refers to main.o(.data) for StartTask_Handler
    system_stm32f4xx.o(i.SystemCoreClockUpdate) refers to system_stm32f4xx.o(.data) for SystemCoreClock
    system_stm32f4xx.o(i.SystemInit) refers to system_stm32f4xx.o(i.SetSysClock) for SetSysClock
    adc.o(i.Adc_Init) refers to stm32f4xx_rcc.o(i.RCC_AHB1PeriphClockCmd) for RCC_AHB1PeriphClockCmd
    adc.o(i.Adc_Init) refers to stm32f4xx_rcc.o(i.RCC_APB2PeriphClockCmd) for RCC_APB2PeriphClockCmd
    adc.o(i.Adc_Init) refers to stm32f4xx_gpio.o(i.GPIO_Init) for GPIO_Init
    adc.o(i.Adc_Init) refers to stm32f4xx_rcc.o(i.RCC_APB2PeriphResetCmd) for RCC_APB2PeriphResetCmd
    adc.o(i.Adc_Init) refers to stm32f4xx_adc.o(i.ADC_CommonInit) for ADC_CommonInit
    adc.o(i.Adc_Init) refers to stm32f4xx_adc.o(i.ADC_Init) for ADC_Init
    adc.o(i.Adc_Init) refers to stm32f4xx_adc.o(i.ADC_Cmd) for ADC_Cmd
    adc.o(i.Adc_POWER_Init) refers to stm32f4xx_rcc.o(i.RCC_AHB1PeriphClockCmd) for RCC_AHB1PeriphClockCmd
    adc.o(i.Adc_POWER_Init) refers to stm32f4xx_rcc.o(i.RCC_APB2PeriphClockCmd) for RCC_APB2PeriphClockCmd
    adc.o(i.Adc_POWER_Init) refers to stm32f4xx_gpio.o(i.GPIO_Init) for GPIO_Init
    adc.o(i.Adc_POWER_Init) refers to stm32f4xx_rcc.o(i.RCC_APB2PeriphResetCmd) for RCC_APB2PeriphResetCmd
    adc.o(i.Adc_POWER_Init) refers to stm32f4xx_adc.o(i.ADC_CommonInit) for ADC_CommonInit
    adc.o(i.Adc_POWER_Init) refers to stm32f4xx_adc.o(i.ADC_Init) for ADC_Init
    adc.o(i.Adc_POWER_Init) refers to stm32f4xx_adc.o(i.ADC_Cmd) for ADC_Cmd
    adc.o(i.CCD_Count_White_Points) refers to adc.o(.bss) for ADV
    adc.o(i.CCD_Detect_Zebra) refers to adc.o(i.CCD_Find_Zebra_Main_Run) for CCD_Find_Zebra_Main_Run
    adc.o(i.CCD_Detect_Zebra) refers to adc.o(i.CCD_Count_White_Points) for CCD_Count_White_Points
    adc.o(i.CCD_Detect_Zebra) refers to adc.o(.bss) for ADV
    adc.o(i.CCD_Detect_Zebra) refers to adc.o(.data) for CCD_Zebra_Confirm_Count
    adc.o(i.CCD_Find_Line) refers to adc.o(.bss) for ADV
    adc.o(i.CCD_Find_Line) refers to adc.o(.data) for CCD_Threshold
    adc.o(i.CCD_Find_Zebra_Main_Run) refers to adc.o(.bss) for ADV
    adc.o(i.CCD_Lost_Line_Process) refers to adc.o(.data) for Lost_Line_Count
    adc.o(i.Find_CCD_Median) refers to adc.o(i.CCD_Detect_Zebra) for CCD_Detect_Zebra
    adc.o(i.Find_CCD_Median) refers to adc.o(i.CCD_Lost_Line_Process) for CCD_Lost_Line_Process
    adc.o(i.Find_CCD_Median) refers to adc.o(i.CCD_Find_Line) for CCD_Find_Line
    adc.o(i.Find_CCD_Median) refers to adc.o(.bss) for ADV
    adc.o(i.Find_CCD_Median) refers to adc.o(.data) for CCD_Threshold
    adc.o(i.Get_Adc) refers to stm32f4xx_adc.o(i.ADC_RegularChannelConfig) for ADC_RegularChannelConfig
    adc.o(i.Get_Adc) refers to stm32f4xx_adc.o(i.ADC_SoftwareStartConv) for ADC_SoftwareStartConv
    adc.o(i.Get_Adc) refers to stm32f4xx_adc.o(i.ADC_GetFlagStatus) for ADC_GetFlagStatus
    adc.o(i.Get_Adc) refers to stm32f4xx_adc.o(i.ADC_GetConversionValue) for ADC_GetConversionValue
    adc.o(i.Get_Adc2) refers to stm32f4xx_adc.o(i.ADC_RegularChannelConfig) for ADC_RegularChannelConfig
    adc.o(i.Get_Adc2) refers to stm32f4xx_adc.o(i.ADC_SoftwareStartConv) for ADC_SoftwareStartConv
    adc.o(i.Get_Adc2) refers to stm32f4xx_adc.o(i.ADC_GetFlagStatus) for ADC_GetFlagStatus
    adc.o(i.Get_Adc2) refers to stm32f4xx_adc.o(i.ADC_GetConversionValue) for ADC_GetConversionValue
    adc.o(i.Get_adc_Average) refers to adc.o(i.Get_Adc) for Get_Adc
    adc.o(i.Get_adc_Average) refers to delay.o(i.delay_ms) for delay_ms
    adc.o(i.Get_battery_volt) refers to adc.o(i.Get_Adc2) for Get_Adc2
    adc.o(i.Get_battery_volt) refers to dfltui.o(.text) for __aeabi_ui2d
[...]
    USBH_LL_ResetPort                        0x0800a2e1   Thumb Code    30  usbh_conf.o(i.USBH_LL_ResetPort)
    USBH_LL_SetTimer                         0x0800a2ff   Thumb Code     6  usbh_core.o(i.USBH_LL_SetTimer)
    USBH_LL_SetToggle                        0x0800a305   Thumb Code    62  usbh_conf.o(i.USBH_LL_SetToggle)
    USBH_LL_Start                            0x0800a343   Thumb Code    30  usbh_conf.o(i.USBH_LL_Start)
    USBH_LL_Stop                             0x0800a361   Thumb Code    30  usbh_conf.o(i.USBH_LL_Stop)
    USBH_LL_SubmitURB                        0x0800a37f   Thumb Code    64  usbh_conf.o(i.USBH_LL_SubmitURB)
    USBH_OpenPipe                            0x0800a3bf   Thumb Code    42  usbh_pipes.o(i.USBH_OpenPipe)
    USBH_Process                             0x0800a781   Thumb Code   980  usbh_core.o(i.USBH_Process)
    USBH_RegisterClass                       0x0800ab89   Thumb Code    52  usbh_core.o(i.USBH_RegisterClass)
    USBH_SelectInterface                     0x0800abbd   Thumb Code    40  usbh_core.o(i.USBH_SelectInterface)
    USBH_SetAddress                          0x0800abe5   Thumb Code    40  usbh_ctlreq.o(i.USBH_SetAddress)
    USBH_SetCfg                              0x0800ac0d   Thumb Code    40  usbh_ctlreq.o(i.USBH_SetCfg)
    USBH_SetFeature                          0x0800ac35   Thumb Code    40  usbh_ctlreq.o(i.USBH_SetFeature)
    USBH_Start                               0x0800ac5d   Thumb Code    22  usbh_core.o(i.USBH_Start)
    USB_CoreInit                             0x0800acad   Thumb Code   136  stm32f4xx_ll_usb.o(i.USB_CoreInit)
    USB_DisableGlobalInt                     0x0800ad8d   Thumb Code    14  stm32f4xx_ll_usb.o(i.USB_DisableGlobalInt)
    USB_DoPing                               0x0800ad9d   Thumb Code    64  stm32f4xx_ll_usb.o(i.USB_DoPing)
    USB_DriveVbus                            0x0800ade1   Thumb Code    74  stm32f4xx_ll_usb.o(i.USB_DriveVbus)
    USB_EnableGlobalInt                      0x0800ae2b   Thumb Code    14  stm32f4xx_ll_usb.o(i.USB_EnableGlobalInt)
    USB_FlushRxFifo                          0x0800ae39   Thumb Code    80  stm32f4xx_ll_usb.o(i.USB_FlushRxFifo)
    USB_FlushTxFifo                          0x0800ae89   Thumb Code    84  stm32f4xx_ll_usb.o(i.USB_FlushTxFifo)
    USB_GetCurrentFrame                      0x0800aedd   Thumb Code    14  stm32f4xx_ll_usb.o(i.USB_GetCurrentFrame)
    USB_GetHostSpeed                         0x0800aeeb   Thumb Code    24  stm32f4xx_ll_usb.o(i.USB_GetHostSpeed)
    USB_GetMode                              0x0800af03   Thumb Code    10  stm32f4xx_ll_usb.o(i.USB_GetMode)
    USB_HC_Halt                              0x0800af0d   Thumb Code   438  stm32f4xx_ll_usb.o(i.USB_HC_Halt)
    USB_HC_Init                              0x0800b0c5   Thumb Code   464  stm32f4xx_ll_usb.o(i.USB_HC_Init)
    USB_HC_ReadInterrupt                     0x0800b299   Thumb Code    14  stm32f4xx_ll_usb.o(i.USB_HC_ReadInterrupt)
    USB_HC_StartXfer                         0x0800b2a9   Thumb Code   896  stm32f4xx_ll_usb.o(i.USB_HC_StartXfer)
    USB_HostInit                             0x0800b631   Thumb Code   232  stm32f4xx_ll_usb.o(i.USB_HostInit)
    USB_InitFSLSPClkSel                      0x0800b731   Thumb Code    74  stm32f4xx_ll_usb.o(i.USB_InitFSLSPClkSel)
    USB_ReadChInterrupts                     0x0800b77b   Thumb Code    30  stm32f4xx_ll_usb.o(i.USB_ReadChInterrupts)
    USB_ReadInterrupts                       0x0800b799   Thumb Code    10  stm32f4xx_ll_usb.o(i.USB_ReadInterrupts)
    USB_ReadPacket                           0x0800b7a3   Thumb Code    96  stm32f4xx_ll_usb.o(i.USB_ReadPacket)
    USB_ResetPort                            0x0800b803   Thumb Code    60  stm32f4xx_ll_usb.o(i.USB_ResetPort)
    USB_SetCurrentMode                       0x0800b83f   Thumb Code   104  stm32f4xx_ll_usb.o(i.USB_SetCurrentMode)
    USB_StopHost                             0x0800b8a7   Thumb Code   198  stm32f4xx_ll_usb.o(i.USB_StopHost)
    USB_WritePacket                          0x0800b96d   Thumb Code    68  stm32f4xx_ll_usb.o(i.USB_WritePacket)
    UsageFault_Handler                       0x0800b9b1   Thumb Code     4  stm32f4xx_it.o(i.UsageFault_Handler)
    V1_0_LED_Init                            0x0800b9b5   Thumb Code    60  led.o(i.V1_0_LED_Init)
    V1_1_LED_Init                            0x0800b9f5   Thumb Code    60  led.o(i.V1_1_LED_Init)
    __0printf                                0x0800bf55   Thumb Code    22  printfa.o(i.__0printf)
    __1printf                                0x0800bf55   Thumb Code     0  printfa.o(i.__0printf)
    __2printf                                0x0800bf55   Thumb Code     0  printfa.o(i.__0printf)
    __c89printf                              0x0800bf55   Thumb Code     0  printfa.o(i.__0printf)
    printf                                   0x0800bf55   Thumb Code     0  printfa.o(i.__0printf)
    __ARM_fpclassify                         0x0800bf75   Thumb Code    48  fpclassify.o(i.__ARM_fpclassify)
    __hardfp_pow                             0x0800bfa9   Thumb Code  3072  pow.o(i.__hardfp_pow)
    __hardfp_sqrt                            0x0800cbf9   Thumb Code   122  sqrt.o(i.__hardfp_sqrt)
    __hardfp_tan                             0x0800cc79   Thumb Code   108  tan.o(i.__hardfp_tan)
    __ieee754_rem_pio2                       0x0800ccf9   Thumb Code   938  rred.o(i.__ieee754_rem_pio2)
    __kernel_poly                            0x0800d131   Thumb Code   248  poly.o(i.__kernel_poly)
    __kernel_tan                             0x0800d229   Thumb Code   764  tan_i.o(i.__kernel_tan)
    __mathlib_dbl_divzero                    0x0800d579   Thumb Code    28  dunder.o(i.__mathlib_dbl_divzero)
    __mathlib_dbl_infnan                     0x0800d5a9   Thumb Code    20  dunder.o(i.__mathlib_dbl_infnan)
    __mathlib_dbl_infnan2                    0x0800d5bd   Thumb Code    20  dunder.o(i.__mathlib_dbl_infnan2)
    __mathlib_dbl_invalid                    0x0800d5d1   Thumb Code    24  dunder.o(i.__mathlib_dbl_invalid)
    __mathlib_dbl_overflow                   0x0800d5f1   Thumb Code    24  dunder.o(i.__mathlib_dbl_overflow)
    __mathlib_dbl_underflow                  0x0800d611   Thumb Code    24  dunder.o(i.__mathlib_dbl_underflow)
    __scatterload_copy                       0x0800d631   Thumb Code    14  handlers.o(i.__scatterload_copy)
    __scatterload_null                       0x0800d63f   Thumb Code     2  handlers.o(i.__scatterload_null)
    __scatterload_zeroinit                   0x0800d641   Thumb Code    14  handlers.o(i.__scatterload_zeroinit)
    __set_errno                              0x0800d651   Thumb Code     6  errno.o(i.__set_errno)
    adc_task                                 0x0800dee9   Thumb Code   166  adc.o(i.adc_task)
    ccd_Init                                 0x0800dfbd   Thumb Code   192  adc.o(i.ccd_Init)
    click_N_Double                           0x0800e089   Thumb Code   184  key.o(i.click_N_Double)
    data_process                             0x0800e159   Thumb Code   364  usartx.o(i.data_process)
    delay_init                               0x0800e2e9   Thumb Code    58  delay.o(i.delay_init)
    delay_ms                                 0x0800e32d   Thumb Code    60  delay.o(i.delay_ms)
    delay_us                                 0x0800e36d   Thumb Code    68  delay.o(i.delay_us)
    ele_Init                                 0x0800e3b5   Thumb Code    68  adc.o(i.ele_Init)
    fabs                                     0x0800e401   Thumb Code    24  fabs.o(i.fabs)
    float_abs                                0x0800e419   Thumb Code    26  balance.o(i.float_abs)
    fputc                                    0x0800e435   Thumb Code    24  usart.o(i.fputc)
    free                                     0x0800e451   Thumb Code    76  malloc.o(i.free)
    getSysTickCnt                            0x0800e4a1   Thumb Code    22  delay.o(i.getSysTickCnt)
    led_task                                 0x0800e4bd   Thumb Code    54  led.o(i.led_task)
    main                                     0x0800e50d   Thumb Code    34  main.o(i.main)
    malloc                                   0x0800e545   Thumb Code    92  malloc.o(i.malloc)
    oled_pow                                 0x0800e5b1   Thumb Code    22  oled.o(i.oled_pow)
    oled_show                                0x0800e5c9   Thumb Code  5772  show.o(i.oled_show)
    osMessageQueueGet                        0x0800fc5d   Thumb Code   128  usbh_os_middleware.o(i.osMessageQueueGet)
    osMessageQueuePut                        0x0800fce1   Thumb Code    90  usbh_os_middleware.o(i.osMessageQueuePut)
    ps2_checkkey                             0x08010839   Thumb Code   188  bsp_ps2.o(i.ps2_checkkey)
    ps2_checkkeystate                        0x080108fd   Thumb Code    14  bsp_ps2.o(i.ps2_checkkeystate)
    pstwo_task                               0x08010931   Thumb Code    48  pstwo.o(i.pstwo_task)
    pvPortMalloc                             0x08010965   Thumb Code   262  heap_4.o(i.pvPortMalloc)
    pvTaskIncrementMutexHeldCount            0x08010ab9   Thumb Code    26  tasks.o(i.pvTaskIncrementMutexHeldCount)
    pxPortInitialiseStack                    0x08010ad9   Thumb Code    38  port.o(i.pxPortInitialiseStack)
    show_task                                0x08010b05   Thumb Code   360  show.o(i.show_task)
    sqrt                                     0x08010c91   Thumb Code   110  sqrt.o(i.sqrt)
    start_task                               0x08010d01   Thumb Code   124  main.o(i.start_task)
    systemInit                               0x08010dd5   Thumb Code   240  system.o(i.systemInit)
    target_limit_float                       0x08010ed1   Thumb Code    42  balance.o(i.target_limit_float)
    target_limit_int                         0x08010efb   Thumb Code    22  balance.o(i.target_limit_int)
    uart1_init                               0x08010f11   Thumb Code   168  usartx.o(i.uart1_init)
    uart2_init                               0x08010fc1   Thumb Code   166  usartx.o(i.uart2_init)
    uart5_init                               0x08011071   Thumb Code   212  usartx.o(i.uart5_init)
    uxListRemove                             0x08011151   Thumb Code    40  list.o(i.uxListRemove)
    vListInitialise                          0x08011179   Thumb Code    26  list.o(i.vListInitialise)
    vListInitialiseItem                      0x08011193   Thumb Code     6  list.o(i.vListInitialiseItem)
    vListInsert                              0x08011199   Thumb Code    52  list.o(i.vListInsert)
    vListInsertEnd                           0x080111cd   Thumb Code    24  list.o(i.vListInsertEnd)
    vPortEnterCritical                       0x080111e5   Thumb Code    68  port.o(i.vPortEnterCritical)
    vPortExitCritical                        0x0801126d   Thumb Code    48  port.o(i.vPortExitCritical)
    vPortFree                                0x080112dd   Thumb Code   120  heap_4.o(i.vPortFree)
    vPortSetupTimerInterrupt                 0x08011395   Thumb Code    26  port.o(i.vPortSetupTimerInterrupt)
    vPortValidateInterruptPriority           0x080113b5   Thumb Code    86  port.o(i.vPortValidateInterruptPriority)
    vQueueAddToRegistry                      0x08011455   Thumb Code    38  queue.o(i.vQueueAddToRegistry)
    vQueueWaitForMessageRestricted           0x08011481   Thumb Code    74  queue.o(i.vQueueWaitForMessageRestricted)
    vTaskDelay                               0x080114cd   Thumb Code    72  tasks.o(i.vTaskDelay)
    vTaskDelayUntil                          0x08011541   Thumb Code   170  tasks.o(i.vTaskDelayUntil)
    vTaskDelete                              0x0801161d   Thumb Code   192  tasks.o(i.vTaskDelete)
    vTaskMissedYield                         0x08011729   Thumb Code     8  tasks.o(i.vTaskMissedYield)
    vTaskPlaceOnEventList                    0x08011735   Thumb Code    42  tasks.o(i.vTaskPlaceOnEventList)
    vTaskPlaceOnEventListRestricted          0x08011789   Thumb Code    50  tasks.o(i.vTaskPlaceOnEventListRestricted)
    vTaskPriorityInherit                     0x080117e5   Thumb Code   164  tasks.o(i.vTaskPriorityInherit)
    vTaskSetTimeOutState                     0x08011895   Thumb Code    32  tasks.o(i.vTaskSetTimeOutState)
    vTaskStartScheduler                      0x080118e1   Thumb Code   108  tasks.o(i.vTaskStartScheduler)
    vTaskSuspendAll                          0x0801198d   Thumb Code    12  tasks.o(i.vTaskSuspendAll)
    vTaskSwitchContext                       0x0801199d   Thumb Code   110  tasks.o(i.vTaskSwitchContext)
    xPortStartScheduler                      0x08011a45   Thumb Code   258  port.o(i.xPortStartScheduler)
    xPortSysTickHandler                      0x08011ba1   Thumb Code    46  port.o(i.xPortSysTickHandler)
    xQueueGenericCreate                      0x08011bd5   Thumb Code    78  queue.o(i.xQueueGenericCreate)
    xQueueGenericReceive                     0x08011c49   Thumb Code   416  queue.o(i.xQueueGenericReceive)
    xQueueGenericReset                       0x08011e11   Thumb Code   136  queue.o(i.xQueueGenericReset)
    xQueueGenericSend                        0x08011ec1   Thumb Code   412  queue.o(i.xQueueGenericSend)
    xQueueGenericSendFromISR                 0x08012085   Thumb Code   234  queue.o(i.xQueueGenericSendFromISR)
    xQueueReceiveFromISR                     0x08012195   Thumb Code   182  queue.o(i.xQueueReceiveFromISR)
    xTaskCheckForTimeOut                     0x08012271   Thumb Code   116  tasks.o(i.xTaskCheckForTimeOut)
    xTaskCreate                              0x08012311   Thumb Code    96  tasks.o(i.xTaskCreate)
    xTaskGetSchedulerState                   0x08012371   Thumb Code    24  tasks.o(i.xTaskGetSchedulerState)
    xTaskGetTickCount                        0x08012391   Thumb Code     6  tasks.o(i.xTaskGetTickCount)
    xTaskIncrementTick                       0x0801239d   Thumb Code   272  tasks.o(i.xTaskIncrementTick)
    xTaskPriorityDisinherit                  0x080124fd   Thumb Code   168  tasks.o(i.xTaskPriorityDisinherit)
    xTaskRemoveFromEventList                 0x080125d5   Thumb Code   118  tasks.o(i.xTaskRemoveFromEventList)
    xTaskResumeAll                           0x08012689   Thumb Code   214  tasks.o(i.xTaskResumeAll)
    xTimerCreateTimerTask                    0x080127a9   Thumb Code    56  timers.o(i.xTimerCreateTimerTask)
    xTimerGenericCommand                     0x0801281d   Thumb Code   118  timers.o(i.xTimerGenericCommand)
    oled_asc2_1206                           0x080128c0   Data        1140  oled.o(.constdata)
    oled_asc2_1608                           0x08012d34   Data        1520  oled.o(.constdata)
    Hzk16                                    0x08013324   Data        2624  oled.o(.constdata)
    cfont16                                  0x08013d64   Data        3434  oled.o(.constdata)
    cfont12                                  0x08014ace   Data         598  oled.o(.constdata)
    gImage_usb_bmp                           0x08014d24   Data         512  oled.o(.constdata)
    __mathlib_zero                           0x08014fb0   Data           8  qnan.o(.constdata)
    Region$$Table$$Base                      0x08015140   Number         0  anon$$obj.o(Region$$Table)
    Region$$Table$$Limit                     0x08015160   Number         0  anon$$obj.o(Region$$Table)
    StartTask_Handler                        0x20000000   Data           4  main.o(.data)
    SystemCoreClock                          0x20000004   Data           4  system_stm32f4xx.o(.data)
    AHBPrescTable                            0x20000008   Data          16  system_stm32f4xx.o(.data)
    Voltage                                  0x20000018   Data           4  adc.o(.data)
    Voltage_Count                            0x2000001c   Data           4  adc.o(.data)
    Voltage_All                              0x20000020   Data           4  adc.o(.data)
    CCD_Median                               0x20000024   Data           2  adc.o(.data)
    CCD_Threshold                            0x20000026   Data           2  adc.o(.data)
    CCD_Zebra_Stop_Flag                      0x20000028   Data           1  adc.o(.data)
    Sensor_Left                              0x20000034   Data           4  adc.o(.data)
    Sensor_Middle                            0x20000038   Data           4  adc.o(.data)
    Sensor_Right                             0x2000003c   Data           4  adc.o(.data)
    Sensor                                   0x20000040   Data           4  adc.o(.data)
    sum                                      0x20000044   Data           4  adc.o(.data)
    Led_Count                                0x20000068   Data           4  led.o(.data)
    usb_ps2_ready                            0x20000070   Data           1  pstwo.o(.data)
    Handkey                                  0x20000072   Data           2  pstwo.o(.data)
    Comd                                     0x20000074   Data           2  pstwo.o(.data)
    MASK                                     0x20000076   Data          32  pstwo.o(.data)
    Strat                                    0x20000098   Data           4  pstwo.o(.data)
    Diff_Along_Distance_KP                   0x200000a0   Data           4  usartx.o(.data)
    Diff_Along_Distance_KD                   0x200000a4   Data           4  usartx.o(.data)
    Diff_Along_Distance_KI                   0x200000a8   Data           4  usartx.o(.data)
    Akm_Along_Distance_KP                    0x200000ac   Data           4  usartx.o(.data)
    Akm_Along_Distance_KD                    0x200000b0   Data           4  usartx.o(.data)
    Akm_Along_Distance_KI                    0x200000b4   Data           4  usartx.o(.data)
    FourWheel_Along_Distance_KP              0x200000b8   Data           4  usartx.o(.data)
    FourWheel_Along_Distance_KD              0x200000bc   Data           4  usartx.o(.data)
    FourWheel_Along_Distance_KI              0x200000c0   Data           4  usartx.o(.data)
    Along_Distance_KP                        0x200000c4   Data           4  usartx.o(.data)
    Along_Distance_KD                        0x200000c8   Data           4  usartx.o(.data)
    Along_Distance_KI                        0x200000cc   Data           4  usartx.o(.data)
    Distance_KP                              0x200000d0   Data           4  usartx.o(.data)
    Distance_KD                              0x200000d4   Data           4  usartx.o(.data)
    Distance_KI                              0x200000d8   Data           4  usartx.o(.data)
    Follow_KP                                0x200000dc   Data           4  usartx.o(.data)
    Follow_KD                                0x200000e0   Data           4  usartx.o(.data)
    Follow_KI                                0x200000e4   Data           4  usartx.o(.data)
    Follow_KP_Akm                            0x200000e8   Data           4  usartx.o(.data)
    Follow_KD_Akm                            0x200000ec   Data           4  usartx.o(.data)
    Follow_KI_Akm                            0x200000f0   Data           4  usartx.o(.data)
    OpenMV_Line_Available                    0x200000f4   Data           1  usartx.o(.data)
    OpenMV_Median                            0x200000f6   Data           2  usartx.o(.data)
    OpenMV_Lost                              0x200000f8   Data           1  usartx.o(.data)
    OpenMV_Stop                              0x200000f9   Data           1  usartx.o(.data)
    OpenMV_Light_State                       0x200000fa   Data           1  usartx.o(.data)
    __stdout                                 0x20000138   Data           4  usart.o(.data)
    USART_RX_STA                             0x2000013c   Data           2  usart.o(.data)
    pxCurrentTCB                             0x20000150   Data           4  tasks.o(.data)
    Flag_Stop                                0x200001c4   Data           1  system.o(.data)
    Divisor_Mode                             0x200001c8   Data           4  system.o(.data)
    Car_Mode                                 0x200001cc   Data           1  system.o(.data)
    Servo                                    0x200001d0   Data           4  system.o(.data)
    RC_Velocity                              0x200001d4   Data           4  system.o(.data)
    Tank_Car_CCD_KP                          0x200001d8   Data           4  system.o(.data)
    Tank_Car_CCD_KI                          0x200001dc   Data           4  system.o(.data)
    Tank_Car_ELE_KP                          0x200001e0   Data           4  system.o(.data)
    Tank_Car_ELE_KI                          0x200001e4   Data           4  system.o(.data)
    Omni_Car_CCD_KP                          0x200001e8   Data           4  system.o(.data)
    Omni_Car_CCD_KI                          0x200001ec   Data           4  system.o(.data)
    Omni_Car_ELE_KP                          0x200001f0   Data           4  system.o(.data)
    Omni_Car_ELE_KI                          0x200001f4   Data           4  system.o(.data)
    CCD_KP                                   0x200001f8   Data           4  system.o(.data)
    CCD_KI                                   0x200001fc   Data           4  system.o(.data)
    ELE_KP                                   0x20000200   Data           4  system.o(.data)
    ELE_KI                                   0x20000204   Data           4  system.o(.data)
    PS2_LX                                   0x20000208   Data           4  system.o(.data)
    PS2_LY                                   0x2000020c   Data           4  system.o(.data)
    PS2_RX                                   0x20000210   Data           4  system.o(.data)
    PS2_RY                                   0x20000214   Data           4  system.o(.data)
    PS2_KEY                                  0x20000218   Data           4  system.o(.data)
    Move_X                                   0x2000021c   Data           4  system.o(.data)
    Move_Y                                   0x20000220   Data           4  system.o(.data)
    Move_Z                                   0x20000224   Data           4  system.o(.data)
    Velocity_KP                              0x20000228   Data           4  system.o(.data)
    Velocity_KI                              0x2000022c   Data           4  system.o(.data)
    Encoder_precision                        0x20000230   Data           4  system.o(.data)
    Wheel_perimeter                          0x20000234   Data           4  system.o(.data)
    Wheel_spacing                            0x20000238   Data           4  system.o(.data)
    Axle_spacing                             0x2000023c   Data           4  system.o(.data)
    Omni_turn_radiaus                        0x20000240   Data           4  system.o(.data)
    CCD_ON_Flag                              0x20000244   Data           1  system.o(.data)
    APP_ON_Flag                              0x20000245   Data           1  system.o(.data)
    ELE_ON_Flag                              0x20000246   Data           1  system.o(.data)
    Avoid_ON_Flag                            0x20000247   Data           1  system.o(.data)
    Follow_ON_Flag                           0x20000248   Data           1  system.o(.data)
    Along_wall                               0x20000249   Data           1  system.o(.data)
    PS2_ON_Flag                              0x2000024a   Data           1  system.o(.data)
    Flag_Left                                0x2000024b   Data           1  system.o(.data)
    Flag_Right                               0x2000024c   Data           1  system.o(.data)
    Flag_Direction                           0x2000024d   Data           1  system.o(.data)
    Turn_Flag                                0x2000024e   Data           1  system.o(.data)
    PID_Send                                 0x2000024f   Data           1  system.o(.data)
    POT_val                                  0x20000250   Data           4  system.o(.data)
    Full_rotation                            0x20000254   Data           4  system.o(.data)
    Lidar_Detect                             0x20000258   Data           1  balance.o(.data)
    RC_Lidar_Avoid_FLAG                      0x2000025c   Data           4  balance.o(.data)
    Mode                                     0x20000260   Data           1  balance.o(.data)
    RC_Velocity_CCD                          0x20000264   Data           4  balance.o(.data)
    RC_Velocity_ELE                          0x20000268   Data           4  balance.o(.data)
    PS2_Velocity                             0x2000026c   Data           4  balance.o(.data)
    PS2_Turn_Velocity                        0x20000270   Data           4  balance.o(.data)
    Lidar_Success_Receive_flag               0x20000274   Data           1  balance.o(.data)
    Lidar_flag_count                         0x20000275   Data           1  balance.o(.data)
    robot_mode_check_flag                    0x20000278   Data           4  balance.o(.data)
    test_num                                 0x2000027c   Data           2  balance.o(.data)
    command_lost_count                       0x2000027e   Data           1  balance.o(.data)
    start_check_flag                         0x2000027f   Data           1  balance.o(.data)
    wait_clear_times                         0x20000280   Data           1  balance.o(.data)
    start_clear                              0x20000281   Data           1  balance.o(.data)
    clear_done_once                          0x20000282   Data           1  balance.o(.data)
    clear_again_times                        0x20000284   Data           2  balance.o(.data)
    debug_show_diff                          0x20000288   Data           4  balance.o(.data)
    clear_state                              0x2000028c   Data           1  balance.o(.data)
    Voltage_Show                             0x20000320   Data           4  show.o(.data)
    i                                        0x20000324   Data           1  show.o(.data)
    Send_Count                               0x20000325   Data           1  show.o(.data)
    oled_refresh_flag                        0x20000326   Data           1  show.o(.data)
    oled_page                                0x20000327   Data           1  show.o(.data)
    Buzzer_count                             0x20000328   Data           4  show.o(.data)
    usb_wait_EnumReady                       0x20000338   Data           1  usbh_core.o(.data)
    usb_showEnum                             0x20000339   Data           1  usbh_core.o(.data)
    ps2_info                                 0x20000340   Data          12  bsp_ps2.o(.data)
    ps2_defaultVal                           0x2000034c   Data          12  bsp_ps2.o(.data)
    PS2_HID_Class                            0x20000358   Data          32  bsp_ps2.o(.data)
    WiredlessPS2_HID_Class                   0x20000378   Data          32  bsp_ps2.o(.data)
    Appli_state                              0x20000398   Data           1  usb_host.o(.data)
    __microlib_freelist                      0x2000039c   Data           4  mvars.o(.data)
    __microlib_freelist_initialised          0x200003a0   Data           4  mvars.o(.data)
    ADV                                      0x200003a8   Data         256  adc.o(.bss)
    OLED_GRAM                                0x200004a8   Data        1024  oled.o(.bss)
    Data                                     0x200008b4   Data           9  pstwo.o(.bss)
    PointDataProcess                         0x200008c0   Data        9600  usartx.o(.bss)
    Pack_Data                                0x20002e40   Data         106  usartx.o(.bss)
    Dataprocess                              0x20002eac   Data        9600  usartx.o(.bss)
    xQueueRegistry                           0x20005480   Data          64  queue.o(.bss)
    smooth_control                           0x2000a7cc   Data          12  system.o(.bss)
    MOTOR_A                                  0x2000a7d8   Data          20  system.o(.bss)
    MOTOR_B                                  0x2000a7ec   Data          20  system.o(.bss)
    MOTOR_C                                  0x2000a800   Data          20  system.o(.bss)
    MOTOR_D                                  0x2000a814   Data          20  system.o(.bss)
    SysVal                                   0x2000a828   Data          12  system.o(.bss)
    OriginalEncoder                          0x2000a834   Data          16  balance.o(.bss)
    Robot_Parament                           0x2000a844   Data          24  robot_select_init.o(.bss)
    hhcd_USB_OTG_FS                          0x2000a85c   Data         992  usbh_conf.o(.bss)
    ps2key                                   0x2000ac7c   Data         256  bsp_ps2.o(.bss)
    hUsbHostFS                               0x2000ad7c   Data        1512  usb_host.o(.bss)
    __heap_base                              0x2000b368   Data           0  startup_stm32f40_41xxx.o(HEAP)
    __heap_limit                             0x2000b568   Data           0  startup_stm32f40_41xxx.o(HEAP)
    __initial_sp                             0x2000b968   Data           0  startup_stm32f40_41xxx.o(STACK)



==============================================================================

Memory Map of the image

  Image Entry point : 0x08000189

  Load Region LR_IROM1 (Base: 0x08000000, Size: 0x00015508, Max: 0x00100000, ABSOLUTE, COMPRESSED[0x00015280])

    Execution Region ER_IROM1 (Exec base: 0x08000000, Load base: 0x08000000, Size: 0x00015160, Max: 0x00100000, ABSOLUTE)

    Exec Addr    Load Addr    Size         Type   Attr      Idx    E Section Name        Object

    0x08000000   0x08000000   0x00000188   Data   RO         1721    RESET               startup_stm32f40_41xxx.o
    0x08000188   0x08000188   0x00000000   Code   RO         6435  * .ARM.Collect$$$$00000000  mc_w.l(entry.o)
    0x08000188   0x08000188   0x00000004   Code   RO         6789    .ARM.Collect$$$$00000001  mc_w.l(entry2.o)
    0x0800018c   0x0800018c   0x00000004   Code   RO         6792    .ARM.Collect$$$$00000004  mc_w.l(entry5.o)
    0x08000190   0x08000190   0x00000000   Code   RO         6794    .ARM.Collect$$$$00000008  mc_w.l(entry7b.o)
    0x08000190   0x08000190   0x00000000   Code   RO         6796    .ARM.Collect$$$$0000000A  mc_w.l(entry8b.o)
    0x08000190   0x08000190   0x00000008   Code   RO         6797    .ARM.Collect$$$$0000000B  mc_w.l(entry9a.o)
    0x08000198   0x08000198   0x00000004   Code   RO         6804    .ARM.Collect$$$$0000000E  mc_w.l(entry12b.o)
    0x0800019c   0x0800019c   0x00000000   Code   RO         6799    .ARM.Collect$$$$0000000F  mc_w.l(entry10a.o)
    0x0800019c   0x0800019c   0x00000000   Code   RO         6801    .ARM.Collect$$$$00000011  mc_w.l(entry11a.o)
    0x0800019c   0x0800019c   0x00000004   Code   RO         6790    .ARM.Collect$$$$00002712  mc_w.l(entry2.o)
    0x080001a0   0x080001a0   0x000000b6   Code   RO         4975    .emb_text           port.o
    0x08000256   0x08000256   0x00000002   PAD
    0x08000258   0x08000258   0x00000024   Code   RO         1722    .text               startup_stm32f40_41xxx.o
    0x0800027c   0x0800027c   0x00000024   Code   RO         6438    .text               mc_w.l(memcpya.o)
    0x080002a0   0x080002a0   0x00000024   Code   RO         6440    .text               mc_w.l(memseta.o)
    0x080002c4   0x080002c4   0x0000014e   Code   RO         6737    .text               mf_w.l(dadd.o)
    0x08000412   0x08000412   0x000000e4   Code   RO         6739    .text               mf_w.l(dmul.o)
    0x080004f6   0x080004f6   0x000000de   Code   RO         6741    .text               mf_w.l(ddiv.o)
    0x080005d4   0x080005d4   0x00000022   Code   RO         6745    .text               mf_w.l(dflti.o)
    0x080005f6   0x080005f6   0x0000001a   Code   RO         6747    .text               mf_w.l(dfltui.o)
    0x08000610   0x08000610   0x00000026   Code   RO         6749    .text               mf_w.l(f2d.o)
    0x08000636   0x08000636   0x00000038   Code   RO         6751    .text               mf_w.l(d2f.o)
    0x0800066e   0x0800066e   0x0000002c   Code   RO         6805    .text               mc_w.l(uidiv.o)
    0x0800069a   0x0800069a   0x00000062   Code   RO         6807    .text               mc_w.l(uldiv.o)
    0x080006fc   0x080006fc   0x0000001e   Code   RO         6809    .text               mc_w.l(llshl.o)
    0x0800071a   0x0800071a   0x00000024   Code   RO         6811    .text               mc_w.l(llsshr.o)
    0x0800073e   0x0800073e   0x00000000   Code   RO         6822    .text               mc_w.l(iusefp.o)
    0x0800073e   0x0800073e   0x0000006e   Code   RO         6823    .text               mf_w.l(fepilogue.o)
    0x080007ac   0x080007ac   0x000000ba   Code   RO         6825    .text               mf_w.l(depilogue.o)
    0x08000866   0x08000866   0x0000002e   Code   RO         6827    .text               mf_w.l(dscalb.o)
    0x08000894   0x08000894   0x000000a2   Code   RO         6829    .text               mf_w.l(dsqrt.o)
    0x08000936   0x08000936   0x00000030   Code   RO         6831    .text               mf_w.l(dfixul.o)
    0x08000966   0x08000966   0x00000002   PAD
    0x08000968   0x08000968   0x00000030   Code   RO         6835    .text               mf_w.l(cdrcmple.o)
    0x08000998   0x08000998   0x00000024   Code   RO         6837    .text               mc_w.l(init.o)
    0x080009bc   0x080009bc   0x00000020   Code   RO         6839    .text               mc_w.l(llushr.o)
    0x080009dc   0x080009dc   0x0000003e   Code   RO         6841    .text               mf_w.l(dfixi.o)
    0x08000a1a   0x08000a1a   0x00000056   Code   RO         6851    .text               mc_w.l(__dczerorl2.o)
    0x08000a70   0x08000a70   0x00000016   Code   RO         2454    i.ADC_Cmd           stm32f4xx_adc.o
    0x08000a86   0x08000a86   0x00000002   PAD
    0x08000a88   0x08000a88   0x00000030   Code   RO         2455    i.ADC_CommonInit    stm32f4xx_adc.o
    0x08000ab8   0x08000ab8   0x00000008   Code   RO         2466    i.ADC_GetConversionValue  stm32f4xx_adc.o
    0x08000ac0   0x08000ac0   0x00000012   Code   RO         2467    i.ADC_GetFlagStatus  stm32f4xx_adc.o
    0x08000ad2   0x08000ad2   0x00000002   PAD
    0x08000ad4   0x08000ad4   0x00000054   Code   RO         2474    i.ADC_Init          stm32f4xx_adc.o
    0x08000b28   0x08000b28   0x000000b8   Code   RO         2479    i.ADC_RegularChannelConfig  stm32f4xx_adc.o
    0x08000be0   0x08000be0   0x0000000a   Code   RO         2481    i.ADC_SoftwareStartConv  stm32f4xx_adc.o
    0x08000bea   0x08000bea   0x00000002   PAD
    0x08000bec   0x08000bec   0x0000038c   Code   RO         5373    i.APP_Show          show.o
    0x08000f78   0x08000f78   0x000000f8   Code   RO         1099    i.AT_Command_Capture  usartx.o
    0x08001070   0x08001070   0x00000084   Code   RO          398    i.Adc_Init          adc.o
    0x080010f4   0x080010f4   0x00000084   Code   RO          399    i.Adc_POWER_Init    adc.o
    0x08001178   0x08001178   0x0000028c   Code   RO         5148    i.Along_Adjust_PID  balance.o
    0x08001404   0x08001404   0x00000430   Code   RO         5149    i.Balance_task      balance.o
    0x08001834   0x08001834   0x00000004   Code   RO          282    i.BusFault_Handler  stm32f4xx_it.o
    0x08001838   0x08001838   0x0000002c   Code   RO          653    i.Buzzer_Alarm      led.o
    0x08001864   0x08001864   0x00000038   Code   RO          654    i.Buzzer_Init       led.o
    0x0800189c   0x0800189c   0x0000008e   Code   RO         5681    i.DeInitStateMachine  usbh_core.o
    0x0800192a   0x0800192a   0x00000002   Code   RO          283    i.DebugMon_Handler  stm32f4xx_it.o
    0x0800192c   0x0800192c   0x00000080   Code   RO         5150    i.Detect_Barrier    balance.o
    0x080019ac   0x080019ac   0x00000124   Code   RO         5151    i.Distance_Adjust_PID  balance.o
    0x08001ad0   0x08001ad0   0x000008b6   Code   RO         5152    i.Drive_Motor       balance.o
    0x08002386   0x08002386   0x00000002   PAD
    0x08002388   0x08002388   0x00000030   Code   RO          709    i.Enable_Pin        motor.o
    0x080023b8   0x080023b8   0x000000e8   Code   RO          522    i.Encoder_Init_TIM2  encoder.o
    0x080024a0   0x080024a0   0x000000bc   Code   RO          523    i.Encoder_Init_TIM3  encoder.o
    0x0800255c   0x0800255c   0x000000bc   Code   RO          524    i.Encoder_Init_TIM4  encoder.o
    0x08002618   0x08002618   0x000000bc   Code   RO          525    i.Encoder_Init_TIM5  encoder.o
    0x080026d4   0x080026d4   0x00000006   Code   RO         6343    i.Error_Handler     usbh_os_middleware.o
    0x080026da   0x080026da   0x00000002   PAD
    0x080026dc   0x080026dc   0x00000194   Code   RO         5153    i.Follow_Turn_PID   balance.o
    0x08002870   0x08002870   0x00000090   Code   RO         1773    i.GPIO_Init         stm32f4xx_gpio.o
    0x08002900   0x08002900   0x00000046   Code   RO         1774    i.GPIO_PinAFConfig  stm32f4xx_gpio.o
    0x08002946   0x08002946   0x00000004   Code   RO         1780    i.GPIO_ResetBits    stm32f4xx_gpio.o
    0x0800294a   0x0800294a   0x00000004   Code   RO         1781    i.GPIO_SetBits      stm32f4xx_gpio.o
    0x0800294e   0x0800294e   0x00000002   PAD
    0x08002950   0x08002950   0x00000030   Code   RO          407    i.Get_Adc           adc.o
    0x08002980   0x08002980   0x00000030   Code   RO          408    i.Get_Adc2          adc.o
    0x080029b0   0x080029b0   0x000003a0   Code   RO         5154    i.Get_RC            balance.o
    0x08002d50   0x08002d50   0x000002b4   Code   RO         5155    i.Get_RC_CCD        balance.o
    0x08003004   0x08003004   0x000002f0   Code   RO         5156    i.Get_RC_ELE        balance.o
    0x080032f4   0x080032f4   0x00000204   Code   RO         5157    i.Get_Velocity_Form_Encoder  balance.o
    0x080034f8   0x080034f8   0x0000002e   Code   RO          409    i.Get_adc_Average   adc.o
    0x08003526   0x08003526   0x00000002   PAD
    0x08003528   0x08003528   0x000000a0   Code   RO          410    i.Get_battery_volt  adc.o
    0x080035c8   0x080035c8   0x0000000e   Code   RO         6053    i.HAL_HCD_Connect_Callback  usbh_conf.o
    0x080035d6   0x080035d6   0x0000000e   Code   RO         6054    i.HAL_HCD_Disconnect_Callback  usbh_conf.o
    0x080035e4   0x080035e4   0x0000000c   Code   RO         3540    i.HAL_HCD_GetCurrentFrame  stm32f4xx_hal_hcd.o
    0x080035f0   0x080035f0   0x0000000c   Code   RO         3541    i.HAL_HCD_GetCurrentSpeed  stm32f4xx_hal_hcd.o
    0x080035fc   0x080035fc   0x00000042   Code   RO         3543    i.HAL_HCD_HC_ClearHubInfo  stm32f4xx_hal_hcd.o
    0x0800363e   0x0800363e   0x00000014   Code   RO         3545    i.HAL_HCD_HC_GetURBState  stm32f4xx_hal_hcd.o
    0x08003652   0x08003652   0x00000012   Code   RO         3546    i.HAL_HCD_HC_GetXferCount  stm32f4xx_hal_hcd.o
    0x08003664   0x08003664   0x00000034   Code   RO         3547    i.HAL_HCD_HC_Halt   stm32f4xx_hal_hcd.o
    0x08003698   0x08003698   0x0000010e   Code   RO         3548    i.HAL_HCD_HC_Init   stm32f4xx_hal_hcd.o
    0x080037a6   0x080037a6   0x00000012   Code   RO         6055    i.HAL_HCD_HC_NotifyURBChange_Callback  usbh_conf.o
    0x080037b8   0x080037b8   0x00000284   Code   RO         3551    i.HAL_HCD_HC_SubmitRequest  stm32f4xx_hal_hcd.o
    0x08003a3c   0x08003a3c   0x0000017c   Code   RO         3552    i.HAL_HCD_IRQHandler  stm32f4xx_hal_hcd.o
    0x08003bb8   0x08003bb8   0x00000086   Code   RO         3553    i.HAL_HCD_Init      stm32f4xx_hal_hcd.o
    0x08003c3e   0x08003c3e   0x00000002   PAD
    0x08003c40   0x08003c40   0x0000006c   Code   RO         6057    i.HAL_HCD_MspInit   usbh_conf.o
    0x08003cac   0x08003cac   0x0000000e   Code   RO         6058    i.HAL_HCD_PortDisabled_Callback  usbh_conf.o
    0x08003cba   0x08003cba   0x0000000e   Code   RO         6059    i.HAL_HCD_PortEnabled_Callback  usbh_conf.o
    0x08003cc8   0x08003cc8   0x0000000c   Code   RO         3558    i.HAL_HCD_ResetPort  stm32f4xx_hal_hcd.o
    0x08003cd4   0x08003cd4   0x0000000e   Code   RO         6060    i.HAL_HCD_SOF_Callback  usbh_conf.o
    0x08003ce2   0x08003ce2   0x00000036   Code   RO         3560    i.HAL_HCD_Start     stm32f4xx_hal_hcd.o
    0x08003d18   0x08003d18   0x0000002e   Code   RO         3561    i.HAL_HCD_Stop      stm32f4xx_hal_hcd.o
    0x08003d46   0x08003d46   0x000009e0   Code   RO         3563    i.HCD_HC_IN_IRQHandler  stm32f4xx_hal_hcd.o
    0x08004726   0x08004726   0x00000738   Code   RO         3564    i.HCD_HC_OUT_IRQHandler  stm32f4xx_hal_hcd.o
    0x08004e5e   0x08004e5e   0x000000b6   Code   RO         3565    i.HCD_Port_IRQHandler  stm32f4xx_hal_hcd.o
    0x08004f14   0x08004f14   0x00000156   Code   RO         3566    i.HCD_RXQLVL_IRQHandler  stm32f4xx_hal_hcd.o
    0x0800506a   0x0800506a   0x00000004   Code   RO          284    i.HardFault_Handler  stm32f4xx_it.o
    0x0800506e   0x0800506e   0x00000002   PAD
    0x08005070   0x08005070   0x0000004c   Code   RO         1469    i.I2C_Ack           i2c.o
    0x080050bc   0x080050bc   0x0000004c   Code   RO         1470    i.I2C_GPIOInit      i2c.o
    0x08005108   0x08005108   0x0000004c   Code   RO         1471    i.I2C_NAck          i2c.o
    0x08005154   0x08005154   0x00000070   Code   RO         1473    i.I2C_ReadByte      i2c.o
    0x080051c4   0x080051c4   0x00000040   Code   RO         1474    i.I2C_ReadOneByte   i2c.o
    0x08005204   0x08005204   0x00000064   Code   RO         1475    i.I2C_Start         i2c.o
    0x08005268   0x08005268   0x00000048   Code   RO         1476    i.I2C_Stop          i2c.o
    0x080052b0   0x080052b0   0x00000064   Code   RO         1477    i.I2C_WaiteForAck   i2c.o
    0x08005314   0x08005314   0x00000064   Code   RO         1480    i.I2C_WriteByte     i2c.o
    0x08005378   0x08005378   0x0000000c   Code   RO         1260    i.ICM20948_getDeviceID  icm20948.o
    0x08005384   0x08005384   0x000000b0   Code   RO         5158    i.Incremental_PI_A  balance.o
    0x08005434   0x08005434   0x000000b0   Code   RO         5159    i.Incremental_PI_B  balance.o
    0x080054e4   0x080054e4   0x000000b0   Code   RO         5160    i.Incremental_PI_C  balance.o
    0x08005594   0x08005594   0x000000b0   Code   RO         5161    i.Incremental_PI_D  balance.o
    0x08005644   0x08005644   0x00000030   Code   RO          597    i.KEY_Init          key.o
    0x08005674   0x08005674   0x0000020c   Code   RO         5162    i.Lidar_Avoid       balance.o
    0x08005880   0x08005880   0x000002a4   Code   RO         5163    i.Lidar_Follow      balance.o
    0x08005b24   0x08005b24   0x00000150   Code   RO         5164    i.Lidar_along_wall  balance.o
    0x08005c74   0x08005c74   0x000000ac   Code   RO         5165    i.Limit_Pwm         balance.o
    0x08005d20   0x08005d20   0x0000000c   Code   RO         1365    i.MPU6050_getDeviceID  mpu6050.o
    0x08005d2c   0x08005d2c   0x0000004c   Code   RO         6307    i.MX_USB_HOST_Init  usb_host.o
    0x08005d78   0x08005d78   0x00000004   Code   RO          285    i.MemManage_Handler  stm32f4xx_it.o
    0x08005d7c   0x08005d7c   0x00000002   Code   RO          286    i.NMI_Handler       stm32f4xx_it.o
    0x08005d7e   0x08005d7e   0x00000002   PAD
    0x08005d80   0x08005d80   0x00000078   Code   RO         1728    i.NVIC_Init         misc.o
    0x08005df8   0x08005df8   0x00000014   Code   RO         1729    i.NVIC_PriorityGroupConfig  misc.o
    0x08005e0c   0x08005e0c   0x00000030   Code   RO          754    i.OLED_Clear        oled.o
    0x08005e3c   0x08005e3c   0x00000076   Code   RO          757    i.OLED_DrawBMP      oled.o
    0x08005eb2   0x08005eb2   0x00000002   PAD
    0x08005eb4   0x08005eb4   0x00000068   Code   RO          758    i.OLED_DrawPoint    oled.o
    0x08005f1c   0x08005f1c   0x00000038   Code   RO          759    i.OLED_DrawPoint_Shu  oled.o
    0x08005f54   0x08005f54   0x00000134   Code   RO          760    i.OLED_Init         oled.o
    0x08006088   0x08006088   0x0000004c   Code   RO          761    i.OLED_Refresh_Gram  oled.o
    0x080060d4   0x080060d4   0x0000004c   Code   RO          762    i.OLED_Refresh_Line  oled.o
    0x08006120   0x08006120   0x0000002a   Code   RO          763    i.OLED_Set_Pos      oled.o
    0x0800614a   0x0800614a   0x00000002   PAD
    0x0800614c   0x0800614c   0x000000a8   Code   RO          766    i.OLED_ShowChar     oled.o
    0x080061f4   0x080061f4   0x00000094   Code   RO          769    i.OLED_ShowNumber   oled.o
    0x08006288   0x08006288   0x00000044   Code   RO          770    i.OLED_ShowString   oled.o
    0x080062cc   0x080062cc   0x00000038   Code   RO          772    i.OLED_Show_CCD     oled.o
    0x08006304   0x08006304   0x00000058   Code   RO          774    i.OLED_WR_Byte      oled.o
    0x0800635c   0x0800635c   0x00000010   Code   RO         6344    i.OTG_FS_IRQHandler  usbh_os_middleware.o
    0x0800636c   0x0800636c   0x0000007c   Code   RO         1100    i.OpenMV_Parse_Byte  usartx.o
    0x080063e8   0x080063e8   0x000000c8   Code   RO         1101    i.OpenMV_Parse_Line  usartx.o
    0x080064b0   0x080064b0   0x0000003e   Code   RO         1102    i.OpenMV_Parse_Number  usartx.o
    0x080064ee   0x080064ee   0x00000002   PAD
    0x080064f0   0x080064f0   0x000000b0   Code   RO         1103    i.OpenMV_USART3_Init  usartx.o
    0x080065a0   0x080065a0   0x00000098   Code   RO          411    i.OpenMV_Use_Line_Data  adc.o
    0x08006638   0x08006638   0x00000090   Code   RO          922    i.PS2Control_Reset  pstwo.o
    0x080066c8   0x080066c8   0x0000000c   Code   RO          923    i.PS2Control_Set    pstwo.o
    0x080066d4   0x080066d4   0x0000000c   Code   RO          924    i.PS2_AnologData    pstwo.o
    0x080066e0   0x080066e0   0x00000018   Code   RO          925    i.PS2_ClearData     pstwo.o
    0x080066f8   0x080066f8   0x00000090   Code   RO          926    i.PS2_Cmd           pstwo.o
    0x08006788   0x08006788   0x0000028c   Code   RO         5166    i.PS2_Control       balance.o
    0x08006a14   0x08006a14   0x00000054   Code   RO          927    i.PS2_DataKey       pstwo.o
    0x08006a68   0x08006a68   0x0000005c   Code   RO          928    i.PS2_EnterConfing  pstwo.o
    0x08006ac4   0x08006ac4   0x0000005c   Code   RO          929    i.PS2_ExitConfing   pstwo.o
    0x08006b20   0x08006b20   0x00000058   Code   RO          930    i.PS2_Init          pstwo.o
    0x08006b78   0x08006b78   0x00000178   Code   RO          931    i.PS2_Read          pstwo.o
    0x08006cf0   0x08006cf0   0x000000b4   Code   RO          932    i.PS2_ReadData      pstwo.o
    0x08006da4   0x08006da4   0x0000001c   Code   RO          935    i.PS2_SetInit       pstwo.o
    0x08006dc0   0x08006dc0   0x00000044   Code   RO          936    i.PS2_ShortPoll     pstwo.o
    0x08006e04   0x08006e04   0x00000058   Code   RO          937    i.PS2_TurnOnAnalogMode  pstwo.o
    0x08006e5c   0x08006e5c   0x0000000c   Code   RO         3415    i.PWR_BackupAccessCmd  stm32f4xx_pwr.o
    0x08006e68   0x08006e68   0x00000020   Code   RO         1870    i.RCC_AHB1PeriphClockCmd  stm32f4xx_rcc.o
    0x08006e88   0x08006e88   0x00000020   Code   RO         1873    i.RCC_AHB2PeriphClockCmd  stm32f4xx_rcc.o
    0x08006ea8   0x08006ea8   0x00000020   Code   RO         1875    i.RCC_AHB2PeriphResetCmd  stm32f4xx_rcc.o
    0x08006ec8   0x08006ec8   0x00000020   Code   RO         1879    i.RCC_APB1PeriphClockCmd  stm32f4xx_rcc.o
    0x08006ee8   0x08006ee8   0x00000020   Code   RO         1882    i.RCC_APB2PeriphClockCmd  stm32f4xx_rcc.o
    0x08006f08   0x08006f08   0x00000020   Code   RO         1884    i.RCC_APB2PeriphResetCmd  stm32f4xx_rcc.o
    0x08006f28   0x08006f28   0x000000e8   Code   RO         1891    i.RCC_GetClocksFreq  stm32f4xx_rcc.o
    0x08007010   0x08007010   0x0000002c   Code   RO         1900    i.RCC_LSEConfig     stm32f4xx_rcc.o
    0x0800703c   0x0800703c   0x000001c4   Code   RO         5167    i.RC_Lidar_Aviod    balance.o
    0x08007200   0x08007200   0x00000064   Code   RO          526    i.Read_Encoder      encoder.o
    0x08007264   0x08007264   0x000000bc   Code   RO         5344    i.Robot_Init        robot_select_init.o
    0x08007320   0x08007320   0x00000150   Code   RO         5345    i.Robot_Select      robot_select_init.o
    0x08007470   0x08007470   0x00000014   Code   RO         1624    i.SYS_VAL_t_Init    sys.o
    0x08007484   0x08007484   0x000000ec   Code   RO          361    i.SetSysClock       system_stm32f4xx.o
    0x08007570   0x08007570   0x0000009c   Code   RO         5168    i.Set_Pwm           balance.o
    0x0800760c   0x0800760c   0x000001dc   Code   RO         5169    i.Smooth_control    balance.o
    0x080077e8   0x080077e8   0x00000028   Code   RO         1732    i.SysTick_CLKSourceConfig  misc.o
    0x08007810   0x08007810   0x00000010   Code   RO         1567    i.SysTick_Handler   delay.o
    0x08007820   0x08007820   0x00000068   Code   RO          363    i.SystemInit        system_stm32f4xx.o
    0x08007888   0x08007888   0x0000003a   Code   RO         2853    i.TI1_Config        stm32f4xx_tim.o
    0x080078c2   0x080078c2   0x00000050   Code   RO         2854    i.TI2_Config        stm32f4xx_tim.o
    0x08007912   0x08007912   0x00000048   Code   RO         2855    i.TI3_Config        stm32f4xx_tim.o
    0x0800795a   0x0800795a   0x00000050   Code   RO         2856    i.TI4_Config        stm32f4xx_tim.o
    0x080079aa   0x080079aa   0x00000002   PAD
    0x080079ac   0x080079ac   0x000000a0   Code   RO          710    i.TIM10_PWM_Init    motor.o
    0x08007a4c   0x08007a4c   0x000000a8   Code   RO          711    i.TIM11_PWM_Init    motor.o
    0x08007af4   0x08007af4   0x000000f8   Code   RO          712    i.TIM1_PWM_Init     motor.o
    0x08007bec   0x08007bec   0x00000018   Code   RO          527    i.TIM2_IRQHandler   encoder.o
    0x08007c04   0x08007c04   0x00000018   Code   RO          528    i.TIM3_IRQHandler   encoder.o
    0x08007c1c   0x08007c1c   0x00000018   Code   RO          529    i.TIM4_IRQHandler   encoder.o
    0x08007c34   0x08007c34   0x00000018   Code   RO          530    i.TIM5_IRQHandler   encoder.o
    0x08007c4c   0x08007c4c   0x00000018   Code   RO          531    i.TIM8_BRK_TIM12_IRQHandler  encoder.o
    0x08007c64   0x08007c64   0x000000ac   Code   RO         1079    i.TIM8_SERVO_Init   timer.o
    0x08007d10   0x08007d10   0x000000b8   Code   RO          713    i.TIM9_PWM_Init     motor.o
    0x08007dc8   0x08007dc8   0x00000018   Code   RO         2857    i.TIM_ARRPreloadConfig  stm32f4xx_tim.o
    0x08007de0   0x08007de0   0x00000006   Code   RO         2863    i.TIM_ClearFlag     stm32f4xx_tim.o
    0x08007de6   0x08007de6   0x00000018   Code   RO         2869    i.TIM_Cmd           stm32f4xx_tim.o
    0x08007dfe   0x08007dfe   0x0000001e   Code   RO         2871    i.TIM_CtrlPWMOutputs  stm32f4xx_tim.o
    0x08007e1c   0x08007e1c   0x00000042   Code   RO         2878    i.TIM_EncoderInterfaceConfig  stm32f4xx_tim.o
    0x08007e5e   0x08007e5e   0x0000006e   Code   RO         2892    i.TIM_ICInit        stm32f4xx_tim.o
    0x08007ecc   0x08007ecc   0x00000012   Code   RO         2893    i.TIM_ICStructInit  stm32f4xx_tim.o
    0x08007ede   0x08007ede   0x00000012   Code   RO         2894    i.TIM_ITConfig      stm32f4xx_tim.o
    0x08007ef0   0x08007ef0   0x0000007c   Code   RO         2898    i.TIM_OC1Init       stm32f4xx_tim.o
    0x08007f6c   0x08007f6c   0x00000012   Code   RO         2901    i.TIM_OC1PreloadConfig  stm32f4xx_tim.o
    0x08007f7e   0x08007f7e   0x00000002   PAD
    0x08007f80   0x08007f80   0x000000a4   Code   RO         2903    i.TIM_OC2Init       stm32f4xx_tim.o
    0x08008024   0x08008024   0x0000001a   Code   RO         2906    i.TIM_OC2PreloadConfig  stm32f4xx_tim.o
    0x0800803e   0x0800803e   0x00000002   PAD
    0x08008040   0x08008040   0x000000a0   Code   RO         2908    i.TIM_OC3Init       stm32f4xx_tim.o
    0x080080e0   0x080080e0   0x00000012   Code   RO         2911    i.TIM_OC3PreloadConfig  stm32f4xx_tim.o
    0x080080f2   0x080080f2   0x00000002   PAD
    0x080080f4   0x080080f4   0x00000078   Code   RO         2913    i.TIM_OC4Init       stm32f4xx_tim.o
    0x0800816c   0x0800816c   0x0000001a   Code   RO         2915    i.TIM_OC4PreloadConfig  stm32f4xx_tim.o
    0x08008186   0x08008186   0x00000004   Code   RO         2935    i.TIM_SetCounter    stm32f4xx_tim.o
    0x0800818a   0x0800818a   0x00000012   Code   RO         2936    i.TIM_SetIC1Prescaler  stm32f4xx_tim.o
    0x0800819c   0x0800819c   0x0000001a   Code   RO         2937    i.TIM_SetIC2Prescaler  stm32f4xx_tim.o
    0x080081b6   0x080081b6   0x00000012   Code   RO         2938    i.TIM_SetIC3Prescaler  stm32f4xx_tim.o
    0x080081c8   0x080081c8   0x0000001a   Code   RO         2939    i.TIM_SetIC4Prescaler  stm32f4xx_tim.o
    0x080081e2   0x080081e2   0x00000002   PAD
    0x080081e4   0x080081e4   0x00000084   Code   RO         2941    i.TIM_TimeBaseInit  stm32f4xx_tim.o
    0x08008268   0x08008268   0x00000012   Code   RO         2942    i.TIM_TimeBaseStructInit  stm32f4xx_tim.o
    0x0800827a   0x0800827a   0x00000002   PAD
    0x0800827c   0x0800827c   0x00000050   Code   RO         5170    i.Turn_Off          balance.o
    0x080082cc   0x080082cc   0x00000434   Code   RO         1104    i.UART5_IRQHandler  usartx.o
    0x08008700   0x08008700   0x0000001c   Code   RO         1105    i.USART1_IRQHandler  usartx.o
    0x0800871c   0x0800871c   0x00000480   Code   RO         1106    i.USART2_IRQHandler  usartx.o
    0x08008b9c   0x08008b9c   0x00000024   Code   RO         1107    i.USART3_IRQHandler  usartx.o
    0x08008bc0   0x08008bc0   0x00000018   Code   RO         2264    i.USART_Cmd         stm32f4xx_usart.o
    0x08008bd8   0x08008bd8   0x00000054   Code   RO         2268    i.USART_GetITStatus  stm32f4xx_usart.o
    0x08008c2c   0x08008c2c   0x0000004a   Code   RO         2270    i.USART_ITConfig    stm32f4xx_usart.o
    0x08008c76   0x08008c76   0x00000002   PAD
    0x08008c78   0x08008c78   0x000000d4   Code   RO         2271    i.USART_Init        stm32f4xx_usart.o
    0x08008d4c   0x08008d4c   0x0000000a   Code   RO         2278    i.USART_ReceiveData  stm32f4xx_usart.o
    0x08008d56   0x08008d56   0x0000002a   Code   RO         6010    i.USBH_AllocPipe    usbh_pipes.o
    0x08008d80   0x08008d80   0x00000012   Code   RO         6011    i.USBH_ClosePipe    usbh_pipes.o
    0x08008d92   0x08008d92   0x00000028   Code   RO         5832    i.USBH_ClrFeature   usbh_ctlreq.o
    0x08008dba   0x08008dba   0x0000002a   Code   RO         5944    i.USBH_CtlReceiveData  usbh_ioreq.o
    0x08008de4   0x08008de4   0x00000080   Code   RO         5833    i.USBH_CtlReq       usbh_ctlreq.o
    0x08008e64   0x08008e64   0x00000034   Code   RO         5945    i.USBH_CtlSendData  usbh_ioreq.o
    0x08008e98   0x08008e98   0x00000026   Code   RO         5946    i.USBH_CtlSendSetup  usbh_ioreq.o
    0x08008ebe   0x08008ebe   0x0000000c   Code   RO         6061    i.USBH_Delay        usbh_conf.o
    0x08008eca   0x08008eca   0x00000050   Code   RO         5683    i.USBH_FindInterface  usbh_core.o
    0x08008f1a   0x08008f1a   0x0000001e   Code   RO         6012    i.USBH_FreePipe     usbh_pipes.o
    0x08008f38   0x08008f38   0x0000004a   Code   RO         5834    i.USBH_GetDescriptor  usbh_ctlreq.o
    0x08008f82   0x08008f82   0x00000028   Code   RO         6013    i.USBH_GetFreePipe  usbh_pipes.o
    0x08008faa   0x08008faa   0x00000012   Code   RO         5835    i.USBH_GetNextDesc  usbh_ctlreq.o
    0x08008fbc   0x08008fbc   0x0000003c   Code   RO         5836    i.USBH_Get_CfgDesc  usbh_ctlreq.o
    0x08008ff8   0x08008ff8   0x0000003c   Code   RO         5837    i.USBH_Get_DevDesc  usbh_ctlreq.o
    0x08009034   0x08009034   0x00000044   Code   RO         5838    i.USBH_Get_StringDesc  usbh_ctlreq.o
    0x08009078   0x08009078   0x0000002c   Code   RO         6062    i.USBH_Get_USB_Status  usbh_conf.o
    0x080090a4   0x080090a4   0x000000a6   Code   RO         6214    i.USBH_HID_ClassRequest  bsp_ps2.o
    0x0800914a   0x0800914a   0x00000002   PAD
    0x0800914c   0x0800914c   0x0000018c   Code   RO          940    i.USBH_HID_EventCallback  pstwo.o
    0x080092d8   0x080092d8   0x0000000e   Code   RO         5428    i.USBH_HID_FifoInit  usbh_hid.o
    0x080092e6   0x080092e6   0x00000052   Code   RO         5429    i.USBH_HID_FifoRead  usbh_hid.o
    0x08009338   0x08009338   0x00000060   Code   RO         5430    i.USBH_HID_FifoWrite  usbh_hid.o
    0x08009398   0x08009398   0x0000002c   Code   RO         5433    i.USBH_HID_GetHIDReportDescriptor  usbh_hid.o
    0x080093c4   0x080093c4   0x00000034   Code   RO         5435    i.USBH_HID_GetReport  usbh_hid.o
    0x080093f8   0x080093f8   0x00000080   Code   RO         6215    i.USBH_HID_InterfaceDeInit  bsp_ps2.o
    0x08009478   0x08009478   0x00000258   Code   RO         6216    i.USBH_HID_InterfaceInit  bsp_ps2.o
    0x080096d0   0x080096d0   0x00000034   Code   RO         6217    i.USBH_HID_PS2Init  bsp_ps2.o
    0x08009704   0x08009704   0x00000070   Code   RO         6218    i.USBH_HID_PS2_Decode  bsp_ps2.o
    0x08009774   0x08009774   0x00000060   Code   RO         6219    i.USBH_HID_ParseHIDDesc  bsp_ps2.o
    0x080097d4   0x080097d4   0x0000015e   Code   RO         6220    i.USBH_HID_Process  bsp_ps2.o
    0x08009932   0x08009932   0x0000003c   Code   RO         6221    i.USBH_HID_SOFProcess  bsp_ps2.o
    0x0800996e   0x0800996e   0x00000028   Code   RO         5441    i.USBH_HID_SetIdle  usbh_hid.o
    0x08009996   0x08009996   0x0000002c   Code   RO         5442    i.USBH_HID_SetProtocol  usbh_hid.o
    0x080099c2   0x080099c2   0x00000326   Code   RO         5839    i.USBH_HandleControl  usbh_ctlreq.o
    0x08009ce8   0x08009ce8   0x00000330   Code   RO         5686    i.USBH_HandleEnum   usbh_core.o
    0x0800a018   0x0800a018   0x0000001c   Code   RO         5687    i.USBH_HandleSof    usbh_core.o
    0x0800a034   0x0800a034   0x00000084   Code   RO         5688    i.USBH_Init         usbh_core.o
    0x0800a0b8   0x0800a0b8   0x0000002a   Code   RO         5947    i.USBH_InterruptReceiveData  usbh_ioreq.o
    0x0800a0e2   0x0800a0e2   0x00000026   Code   RO         6063    i.USBH_LL_ClosePipe  usbh_conf.o
    0x0800a108   0x0800a108   0x0000002e   Code   RO         5690    i.USBH_LL_Connect   usbh_core.o
    0x0800a136   0x0800a136   0x00000044   Code   RO         5691    i.USBH_LL_Disconnect  usbh_core.o
    0x0800a17a   0x0800a17a   0x0000001a   Code   RO         6065    i.USBH_LL_DriverVBUS  usbh_conf.o
    0x0800a194   0x0800a194   0x00000012   Code   RO         6066    i.USBH_LL_GetLastXferSize  usbh_conf.o
    0x0800a1a6   0x0800a1a6   0x00000030   Code   RO         6067    i.USBH_LL_GetSpeed  usbh_conf.o
    0x0800a1d6   0x0800a1d6   0x00000012   Code   RO         6069    i.USBH_LL_GetURBState  usbh_conf.o
    0x0800a1e8   0x0800a1e8   0x00000016   Code   RO         5692    i.USBH_LL_IncTimer  usbh_core.o
    0x0800a1fe   0x0800a1fe   0x00000002   PAD
    0x0800a200   0x0800a200   0x00000058   Code   RO         6070    i.USBH_LL_Init      usbh_conf.o
    0x0800a258   0x0800a258   0x0000001e   Code   RO         5693    i.USBH_LL_NotifyURBChange  usbh_core.o
    0x0800a276   0x0800a276   0x00000040   Code   RO         6071    i.USBH_LL_OpenPipe  usbh_conf.o
    0x0800a2b6   0x0800a2b6   0x00000008   Code   RO         5694    i.USBH_LL_PortDisabled  usbh_core.o
    0x0800a2be   0x0800a2be   0x00000022   Code   RO         5695    i.USBH_LL_PortEnabled  usbh_core.o
    0x0800a2e0   0x0800a2e0   0x0000001e   Code   RO         6072    i.USBH_LL_ResetPort  usbh_conf.o
    0x0800a2fe   0x0800a2fe   0x00000006   Code   RO         5696    i.USBH_LL_SetTimer  usbh_core.o
    0x0800a304   0x0800a304   0x0000003e   Code   RO         6073    i.USBH_LL_SetToggle  usbh_conf.o
    0x0800a342   0x0800a342   0x0000001e   Code   RO         6074    i.USBH_LL_Start     usbh_conf.o
    0x0800a360   0x0800a360   0x0000001e   Code   RO         6075    i.USBH_LL_Stop      usbh_conf.o
    0x0800a37e   0x0800a37e   0x00000040   Code   RO         6076    i.USBH_LL_SubmitURB  usbh_conf.o
    0x0800a3be   0x0800a3be   0x0000002a   Code   RO         6014    i.USBH_OpenPipe     usbh_pipes.o
    0x0800a3e8   0x0800a3e8   0x00000158   Code   RO         5840    i.USBH_ParseCfgDesc  usbh_ctlreq.o
    0x0800a540   0x0800a540   0x000000b2   Code   RO         5841    i.USBH_ParseDevDesc  usbh_ctlreq.o
    0x0800a5f2   0x0800a5f2   0x00000128   Code   RO         5842    i.USBH_ParseEPDesc  usbh_ctlreq.o
    0x0800a71a   0x0800a71a   0x00000030   Code   RO         5843    i.USBH_ParseInterfaceDesc  usbh_ctlreq.o
    0x0800a74a   0x0800a74a   0x00000036   Code   RO         5844    i.USBH_ParseStringDesc  usbh_ctlreq.o
    0x0800a780   0x0800a780   0x000003dc   Code   RO         5697    i.USBH_Process      usbh_core.o
    0x0800ab5c   0x0800ab5c   0x0000002c   Code   RO         5698    i.USBH_Process_OS   usbh_core.o
    0x0800ab88   0x0800ab88   0x00000034   Code   RO         5700    i.USBH_RegisterClass  usbh_core.o
    0x0800abbc   0x0800abbc   0x00000028   Code   RO         5701    i.USBH_SelectInterface  usbh_core.o
    0x0800abe4   0x0800abe4   0x00000028   Code   RO         5845    i.USBH_SetAddress   usbh_ctlreq.o
    0x0800ac0c   0x0800ac0c   0x00000028   Code   RO         5846    i.USBH_SetCfg       usbh_ctlreq.o
    0x0800ac34   0x0800ac34   0x00000028   Code   RO         5847    i.USBH_SetFeature   usbh_ctlreq.o
    0x0800ac5c   0x0800ac5c   0x00000016   Code   RO         5702    i.USBH_Start        usbh_core.o
    0x0800ac72   0x0800ac72   0x00000002   PAD
    0x0800ac74   0x0800ac74   0x00000038   Code   RO         6308    i.USBH_UserProcess  usb_host.o
    0x0800acac   0x0800acac   0x0000008c   Code   RO         3732    i.USB_CoreInit      stm32f4xx_ll_usb.o
    0x0800ad38   0x0800ad38   0x00000054   Code   RO         3733    i.USB_CoreReset     stm32f4xx_ll_usb.o
    0x0800ad8c   0x0800ad8c   0x0000000e   Code   RO         3740    i.USB_DisableGlobalInt  stm32f4xx_ll_usb.o
    0x0800ad9a   0x0800ad9a   0x00000002   PAD
    0x0800ad9c   0x0800ad9c   0x00000044   Code   RO         3741    i.USB_DoPing        stm32f4xx_ll_usb.o
    0x0800ade0   0x0800ade0   0x0000004a   Code   RO         3742    i.USB_DriveVbus     stm32f4xx_ll_usb.o
    0x0800ae2a   0x0800ae2a   0x0000000e   Code   RO         3748    i.USB_EnableGlobalInt  stm32f4xx_ll_usb.o
    0x0800ae38   0x0800ae38   0x00000050   Code   RO         3749    i.USB_FlushRxFifo   stm32f4xx_ll_usb.o
    0x0800ae88   0x0800ae88   0x00000054   Code   RO         3750    i.USB_FlushTxFifo   stm32f4xx_ll_usb.o
    0x0800aedc   0x0800aedc   0x0000000e   Code   RO         3751    i.USB_GetCurrentFrame  stm32f4xx_ll_usb.o
    0x0800aeea   0x0800aeea   0x00000018   Code   RO         3753    i.USB_GetHostSpeed  stm32f4xx_ll_usb.o
    0x0800af02   0x0800af02   0x0000000a   Code   RO         3754    i.USB_GetMode       stm32f4xx_ll_usb.o
    0x0800af0c   0x0800af0c   0x000001b6   Code   RO         3755    i.USB_HC_Halt       stm32f4xx_ll_usb.o
    0x0800b0c2   0x0800b0c2   0x00000002   PAD
    0x0800b0c4   0x0800b0c4   0x000001d4   Code   RO         3756    i.USB_HC_Init       stm32f4xx_ll_usb.o
    0x0800b298   0x0800b298   0x0000000e   Code   RO         3757    i.USB_HC_ReadInterrupt  stm32f4xx_ll_usb.o
    0x0800b2a6   0x0800b2a6   0x00000002   PAD
    0x0800b2a8   0x0800b2a8   0x00000388   Code   RO         3758    i.USB_HC_StartXfer  stm32f4xx_ll_usb.o
    0x0800b630   0x0800b630   0x00000100   Code   RO         3759    i.USB_HostInit      stm32f4xx_ll_usb.o
    0x0800b730   0x0800b730   0x0000004a   Code   RO         3760    i.USB_InitFSLSPClkSel  stm32f4xx_ll_usb.o
    0x0800b77a   0x0800b77a   0x0000001e   Code   RO         3761    i.USB_ReadChInterrupts  stm32f4xx_ll_usb.o
    0x0800b798   0x0800b798   0x0000000a   Code   RO         3766    i.USB_ReadInterrupts  stm32f4xx_ll_usb.o
    0x0800b7a2   0x0800b7a2   0x00000060   Code   RO         3767    i.USB_ReadPacket    stm32f4xx_ll_usb.o
    0x0800b802   0x0800b802   0x0000003c   Code   RO         3768    i.USB_ResetPort     stm32f4xx_ll_usb.o
    0x0800b83e   0x0800b83e   0x00000068   Code   RO         3769    i.USB_SetCurrentMode  stm32f4xx_ll_usb.o
    0x0800b8a6   0x0800b8a6   0x000000c6   Code   RO         3774    i.USB_StopHost      stm32f4xx_ll_usb.o
    0x0800b96c   0x0800b96c   0x00000044   Code   RO         3775    i.USB_WritePacket   stm32f4xx_ll_usb.o
    0x0800b9b0   0x0800b9b0   0x00000004   Code   RO          287    i.UsageFault_Handler  stm32f4xx_it.o
    0x0800b9b4   0x0800b9b4   0x00000040   Code   RO          656    i.V1_0_LED_Init     led.o
    0x0800b9f4   0x0800b9f4   0x00000040   Code   RO          657    i.V1_1_LED_Init     led.o
    0x0800ba34   0x0800ba34   0x000001d8   Code   RO         6222    i.Wired_PS2_Decode  bsp_ps2.o
    0x0800bc0c   0x0800bc0c   0x0000016c   Code   RO         6223    i.Wiredless_Android_PS2_Decode  bsp_ps2.o
    0x0800bd78   0x0800bd78   0x000001dc   Code   RO         6224    i.Wiredless_PC_PS2_Decode  bsp_ps2.o
    0x0800bf54   0x0800bf54   0x00000020   Code   RO         6681    i.__0printf         mc_w.l(printfa.o)
    0x0800bf74   0x0800bf74   0x00000030   Code   RO         6773    i.__ARM_fpclassify  m_wm.l(fpclassify.o)
    0x0800bfa4   0x0800bfa4   0x00000004   PAD
    0x0800bfa8   0x0800bfa8   0x00000c50   Code   RO         6397    i.__hardfp_pow      m_wm.l(pow.o)
    0x0800cbf8   0x0800cbf8   0x0000007a   Code   RO         6411    i.__hardfp_sqrt     m_wm.l(sqrt.o)
    0x0800cc72   0x0800cc72   0x00000006   PAD
    0x0800cc78   0x0800cc78   0x00000080   Code   RO         6423    i.__hardfp_tan      m_wm.l(tan.o)
    0x0800ccf8   0x0800ccf8   0x00000438   Code   RO         6778    i.__ieee754_rem_pio2  m_wm.l(rred.o)
    0x0800d130   0x0800d130   0x000000f8   Code   RO         6775    i.__kernel_poly     m_wm.l(poly.o)
    0x0800d228   0x0800d228   0x00000350   Code   RO         6783    i.__kernel_tan      m_wm.l(tan_i.o)
    0x0800d578   0x0800d578   0x00000030   Code   RO         6753    i.__mathlib_dbl_divzero  m_wm.l(dunder.o)
    0x0800d5a8   0x0800d5a8   0x00000014   Code   RO         6754    i.__mathlib_dbl_infnan  m_wm.l(dunder.o)
    0x0800d5bc   0x0800d5bc   0x00000014   Code   RO         6755    i.__mathlib_dbl_infnan2  m_wm.l(dunder.o)
    0x0800d5d0   0x0800d5d0   0x00000020   Code   RO         6756    i.__mathlib_dbl_invalid  m_wm.l(dunder.o)
    0x0800d5f0   0x0800d5f0   0x00000020   Code   RO         6757    i.__mathlib_dbl_overflow  m_wm.l(dunder.o)
    0x0800d610   0x0800d610   0x00000020   Code   RO         6759    i.__mathlib_dbl_underflow  m_wm.l(dunder.o)
    0x0800d630   0x0800d630   0x0000000e   Code   RO         6845    i.__scatterload_copy  mc_w.l(handlers.o)
    0x0800d63e   0x0800d63e   0x00000002   Code   RO         6846    i.__scatterload_null  mc_w.l(handlers.o)
    0x0800d640   0x0800d640   0x0000000e   Code   RO         6847    i.__scatterload_zeroinit  mc_w.l(handlers.o)
    0x0800d64e   0x0800d64e   0x00000002   PAD
    0x0800d650   0x0800d650   0x0000000c   Code   RO         6817    i.__set_errno       mc_w.l(errno.o)
    0x0800d65c   0x0800d65c   0x00000184   Code   RO         6688    i._fp_digits        mc_w.l(printfa.o)
    0x0800d7e0   0x0800d7e0   0x000006b4   Code   RO         6689    i._printf_core      mc_w.l(printfa.o)
    0x0800de94   0x0800de94   0x00000024   Code   RO         6690    i._printf_post_padding  mc_w.l(printfa.o)
    0x0800deb8   0x0800deb8   0x0000002e   Code   RO         6691    i._printf_pre_padding  mc_w.l(printfa.o)
    0x0800dee6   0x0800dee6   0x00000002   PAD
    0x0800dee8   0x0800dee8   0x000000d4   Code   RO          413    i.adc_task          adc.o
    0x0800dfbc   0x0800dfbc   0x000000cc   Code   RO          414    i.ccd_Init          adc.o
    0x0800e088   0x0800e088   0x000000d0   Code   RO          601    i.click_N_Double    key.o
    0x0800e158   0x0800e158   0x00000190   Code   RO         1111    i.data_process      usartx.o
    0x0800e2e8   0x0800e2e8   0x00000044   Code   RO         1568    i.delay_init        delay.o
    0x0800e32c   0x0800e32c   0x00000040   Code   RO         1569    i.delay_ms          delay.o
    0x0800e36c   0x0800e36c   0x00000048   Code   RO         1570    i.delay_us          delay.o
    0x0800e3b4   0x0800e3b4   0x0000004c   Code   RO          415    i.ele_Init          adc.o
    0x0800e400   0x0800e400   0x00000018   Code   RO         6769    i.fabs              m_wm.l(fabs.o)
    0x0800e418   0x0800e418   0x0000001a   Code   RO         5171    i.float_abs         balance.o
    0x0800e432   0x0800e432   0x00000002   PAD
    0x0800e434   0x0800e434   0x0000001c   Code   RO         1668    i.fputc             usart.o
    0x0800e450   0x0800e450   0x00000050   Code   RO         6709    i.free              mc_w.l(malloc.o)
    0x0800e4a0   0x0800e4a0   0x0000001c   Code   RO         1572    i.getSysTickCnt     delay.o
    0x0800e4bc   0x0800e4bc   0x00000050   Code   RO          658    i.led_task          led.o
    0x0800e50c   0x0800e50c   0x00000038   Code   RO            3    i.main              main.o
    0x0800e544   0x0800e544   0x0000006c   Code   RO         6710    i.malloc            mc_w.l(malloc.o)
    0x0800e5b0   0x0800e5b0   0x00000016   Code   RO          775    i.oled_pow          oled.o
    0x0800e5c6   0x0800e5c6   0x00000002   PAD
    0x0800e5c8   0x0800e5c8   0x00001694   Code   RO         5374    i.oled_show         show.o
    0x0800fc5c   0x0800fc5c   0x00000084   Code   RO         6345    i.osMessageQueueGet  usbh_os_middleware.o
    0x0800fce0   0x0800fce0   0x00000060   Code   RO         6346    i.osMessageQueuePut  usbh_os_middleware.o
    0x0800fd40   0x0800fd40   0x00000098   Code   RO         4469    i.prvAddCurrentTaskToDelayedList  tasks.o
    0x0800fdd8   0x0800fdd8   0x000000b8   Code   RO         4470    i.prvAddNewTaskToReadyList  tasks.o
    0x0800fe90   0x0800fe90   0x00000064   Code   RO         4837    i.prvCheckForValidListAndQueue  timers.o
    0x0800fef4   0x0800fef4   0x00000064   Code   RO         4471    i.prvCheckTasksWaitingTermination  tasks.o
    0x0800ff58   0x0800ff58   0x0000002a   Code   RO         4231    i.prvCopyDataFromQueue  queue.o
    0x0800ff82   0x0800ff82   0x0000007c   Code   RO         4232    i.prvCopyDataToQueue  queue.o
    0x0800fffe   0x0800fffe   0x00000012   Code   RO         4472    i.prvDeleteTCB      tasks.o
    0x08010010   0x08010010   0x00000028   Code   RO         4838    i.prvGetNextExpireTime  timers.o
    0x08010038   0x08010038   0x0000007c   Code   RO         5060    i.prvHeapInit       heap_4.o
    0x080100b4   0x080100b4   0x00000028   Code   RO         4473    i.prvIdleTask       tasks.o
    0x080100dc   0x080100dc   0x0000002e   Code   RO         4234    i.prvInitialiseNewQueue  queue.o
    0x0801010a   0x0801010a   0x00000002   PAD
    0x0801010c   0x0801010c   0x000000d0   Code   RO         4474    i.prvInitialiseNewTask  tasks.o
    0x080101dc   0x080101dc   0x00000068   Code   RO         4475    i.prvInitialiseTaskLists  tasks.o
    0x08010244   0x08010244   0x00000068   Code   RO         5061    i.prvInsertBlockIntoFreeList  heap_4.o
    0x080102ac   0x080102ac   0x00000058   Code   RO         4840    i.prvInsertTimerInActiveList  timers.o
    0x08010304   0x08010304   0x0000001a   Code   RO         4235    i.prvIsQueueEmpty   queue.o
    0x0801031e   0x0801031e   0x0000001e   Code   RO         4236    i.prvIsQueueFull    queue.o
    0x0801033c   0x0801033c   0x000000a0   Code   RO         4237    i.prvNotifyQueueSetContainer  queue.o
    0x080103dc   0x080103dc   0x00000080   Code   RO         4841    i.prvProcessExpiredTimer  timers.o
    0x0801045c   0x0801045c   0x0000012c   Code   RO         4842    i.prvProcessReceivedCommands  timers.o
    0x08010588   0x08010588   0x00000074   Code   RO         4843    i.prvProcessTimerOrBlockTask  timers.o
    0x080105fc   0x080105fc   0x00000034   Code   RO         4477    i.prvResetNextTaskUnblockTime  tasks.o
    0x08010630   0x08010630   0x0000002c   Code   RO         4844    i.prvSampleTimeNow  timers.o
    0x0801065c   0x0801065c   0x000000bc   Code   RO         4845    i.prvSwitchTimerLists  timers.o
    0x08010718   0x08010718   0x00000074   Code   RO         4976    i.prvTaskExitError  port.o
    0x0801078c   0x0801078c   0x0000001a   Code   RO         4846    i.prvTimerTask      timers.o
    0x080107a6   0x080107a6   0x00000092   Code   RO         4238    i.prvUnlockQueue    queue.o
    0x08010838   0x08010838   0x000000c4   Code   RO         6225    i.ps2_checkkey      bsp_ps2.o
    0x080108fc   0x080108fc   0x00000014   Code   RO         6226    i.ps2_checkkeystate  bsp_ps2.o
    0x08010910   0x08010910   0x0000001e   Code   RO         6227    i.ps2_set_bit       bsp_ps2.o
    0x0801092e   0x0801092e   0x00000002   PAD
    0x08010930   0x08010930   0x00000034   Code   RO          941    i.pstwo_task        pstwo.o
    0x08010964   0x08010964   0x00000154   Code   RO         5062    i.pvPortMalloc      heap_4.o
    0x08010ab8   0x08010ab8   0x00000020   Code   RO         4481    i.pvTaskIncrementMutexHeldCount  tasks.o
    0x08010ad8   0x08010ad8   0x0000002c   Code   RO         4977    i.pxPortInitialiseStack  port.o
    0x08010b04   0x08010b04   0x0000018c   Code   RO         5375    i.show_task         show.o
    0x08010c90   0x08010c90   0x0000006e   Code   RO         6413    i.sqrt              m_wm.l(sqrt.o)
    0x08010cfe   0x08010cfe   0x00000002   PAD
    0x08010d00   0x08010d00   0x000000d4   Code   RO            4    i.start_task        main.o
    0x08010dd4   0x08010dd4   0x000000fc   Code   RO         5117    i.systemInit        system.o
    0x08010ed0   0x08010ed0   0x0000002a   Code   RO         5175    i.target_limit_float  balance.o
    0x08010efa   0x08010efa   0x00000016   Code   RO         5176    i.target_limit_int  balance.o
    0x08010f10   0x08010f10   0x000000b0   Code   RO         1112    i.uart1_init        usartx.o
    0x08010fc0   0x08010fc0   0x000000b0   Code   RO         1113    i.uart2_init        usartx.o
    0x08011070   0x08011070   0x000000e0   Code   RO         1114    i.uart5_init        usartx.o
    0x08011150   0x08011150   0x00000028   Code   RO         4186    i.uxListRemove      list.o
    0x08011178   0x08011178   0x0000001a   Code   RO         4187    i.vListInitialise   list.o
    0x08011192   0x08011192   0x00000006   Code   RO         4188    i.vListInitialiseItem  list.o
    0x08011198   0x08011198   0x00000034   Code   RO         4189    i.vListInsert       list.o
    0x080111cc   0x080111cc   0x00000018   Code   RO         4190    i.vListInsertEnd    list.o
    0x080111e4   0x080111e4   0x00000088   Code   RO         4979    i.vPortEnterCritical  port.o
    0x0801126c   0x0801126c   0x00000070   Code   RO         4980    i.vPortExitCritical  port.o
    0x080112dc   0x080112dc   0x000000b8   Code   RO         5063    i.vPortFree         heap_4.o
    0x08011394   0x08011394   0x00000020   Code   RO         4981    i.vPortSetupTimerInterrupt  port.o
    0x080113b4   0x080113b4   0x000000a0   Code   RO         4982    i.vPortValidateInterruptPriority  port.o
    0x08011454   0x08011454   0x0000002c   Code   RO         4244    i.vQueueAddToRegistry  queue.o
    0x08011480   0x08011480   0x0000004a   Code   RO         4248    i.vQueueWaitForMessageRestricted  queue.o
    0x080114ca   0x080114ca   0x00000002   PAD
    0x080114cc   0x080114cc   0x00000074   Code   RO         4489    i.vTaskDelay        tasks.o
    0x08011540   0x08011540   0x000000dc   Code   RO         4490    i.vTaskDelayUntil   tasks.o
    0x0801161c   0x0801161c   0x0000010c   Code   RO         4491    i.vTaskDelete       tasks.o
    0x08011728   0x08011728   0x0000000c   Code   RO         4495    i.vTaskMissedYield  tasks.o
    0x08011734   0x08011734   0x00000054   Code   RO         4497    i.vTaskPlaceOnEventList  tasks.o
    0x08011788   0x08011788   0x0000005c   Code   RO         4498    i.vTaskPlaceOnEventListRestricted  tasks.o
    0x080117e4   0x080117e4   0x000000b0   Code   RO         4500    i.vTaskPriorityInherit  tasks.o
    0x08011894   0x08011894   0x0000004c   Code   RO         4504    i.vTaskSetTimeOutState  tasks.o
    0x080118e0   0x080118e0   0x000000ac   Code   RO         4505    i.vTaskStartScheduler  tasks.o
    0x0801198c   0x0801198c   0x00000010   Code   RO         4507    i.vTaskSuspendAll   tasks.o
    0x0801199c   0x0801199c   0x000000a8   Code   RO         4508    i.vTaskSwitchContext  tasks.o
    0x08011a44   0x08011a44   0x0000015c   Code   RO         4983    i.xPortStartScheduler  port.o
    0x08011ba0   0x08011ba0   0x00000034   Code   RO         4984    i.xPortSysTickHandler  port.o
    0x08011bd4   0x08011bd4   0x00000074   Code   RO         4253    i.xQueueGenericCreate  queue.o
    0x08011c48   0x08011c48   0x000001c8   Code   RO         4254    i.xQueueGenericReceive  queue.o
    0x08011e10   0x08011e10   0x000000b0   Code   RO         4255    i.xQueueGenericReset  queue.o
    0x08011ec0   0x08011ec0   0x000001c4   Code   RO         4256    i.xQueueGenericSend  queue.o
    0x08012084   0x08012084   0x00000110   Code   RO         4257    i.xQueueGenericSendFromISR  queue.o
    0x08012194   0x08012194   0x000000dc   Code   RO         4263    i.xQueueReceiveFromISR  queue.o
    0x08012270   0x08012270   0x000000a0   Code   RO         4509    i.xTaskCheckForTimeOut  tasks.o
    0x08012310   0x08012310   0x00000060   Code   RO         4510    i.xTaskCreate       tasks.o
    0x08012370   0x08012370   0x00000020   Code   RO         4514    i.xTaskGetSchedulerState  tasks.o
    0x08012390   0x08012390   0x0000000c   Code   RO         4515    i.xTaskGetTickCount  tasks.o
    0x0801239c   0x0801239c   0x00000160   Code   RO         4517    i.xTaskIncrementTick  tasks.o
    0x080124fc   0x080124fc   0x000000d8   Code   RO         4520    i.xTaskPriorityDisinherit  tasks.o
    0x080125d4   0x080125d4   0x000000b4   Code   RO         4521    i.xTaskRemoveFromEventList  tasks.o
    0x08012688   0x08012688   0x00000120   Code   RO         4523    i.xTaskResumeAll    tasks.o
    0x080127a8   0x080127a8   0x00000074   Code   RO         4850    i.xTimerCreateTimerTask  timers.o
    0x0801281c   0x0801281c   0x000000a4   Code   RO         4851    i.xTimerGenericCommand  timers.o
    0x080128c0   0x080128c0   0x00002664   Data   RO          778    .constdata          oled.o
    0x08014f24   0x08014f24   0x00000004   PAD
    0x08014f28   0x08014f28   0x00000088   Data   RO         6400    .constdata          m_wm.l(pow.o)
    0x08014fb0   0x08014fb0   0x00000008   Data   RO         6777    .constdata          m_wm.l(qnan.o)
    0x08014fb8   0x08014fb8   0x000000c8   Data   RO         6780    .constdata          m_wm.l(rred.o)
    0x08015080   0x08015080   0x00000060   Data   RO         6784    .constdata          m_wm.l(tan_i.o)
    0x080150e0   0x080150e0   0x00000059   Data   RO         1120    .conststring        usartx.o
    0x08015139   0x08015139   0x00000003   PAD
    0x0801513c   0x0801513c   0x00000004   Data   RO         6229    .conststring        bsp_ps2.o
    0x08015140   0x08015140   0x00000020   Data   RO         6843    Region$$Table       anon$$obj.o


    Execution Region RW_IRAM1 (Exec base: 0x20000000, Load base: 0x08015160, Size: 0x0000b968, Max: 0x00020000, ABSOLUTE, COMPRESSED[0x00000120])

    Exec Addr    Load Addr    Size         Type   Attr      Idx    E Section Name        Object

    0x20000000   COMPRESSED   0x00000004   Data   RW            5    .data               main.o
    0x20000004   COMPRESSED   0x00000014   Data   RW          364    .data               system_stm32f4xx.o
    0x20000018   COMPRESSED   0x00000032   Data   RW          418    .data               adc.o
    0x2000004a   COMPRESSED   0x0000001e   Data   RW          603    .data               key.o
    0x20000068   COMPRESSED   0x00000008   Data   RW          659    .data               led.o
    0x20000070   COMPRESSED   0x00000030   Data   RW          943    .data               pstwo.o
    0x200000a0   COMPRESSED   0x0000008e   Data   RW         1121    .data               usartx.o
    0x2000012e   COMPRESSED   0x00000002   PAD
    0x20000130   COMPRESSED   0x00000008   Data   RW         1573    .data               delay.o
    0x20000138   COMPRESSED   0x00000006   Data   RW         1671    .data               usart.o
    0x2000013e   COMPRESSED   0x00000010   Data   RW         1923    .data               stm32f4xx_rcc.o
    0x2000014e   COMPRESSED   0x00000002   PAD
    0x20000150   COMPRESSED   0x0000003c   Data   RW         4526    .data               tasks.o
    0x2000018c   COMPRESSED   0x00000014   Data   RW         4859    .data               timers.o
    0x200001a0   COMPRESSED   0x0000000c   Data   RW         4985    .data               port.o
    0x200001ac   COMPRESSED   0x00000018   Data   RW         5068    .data               heap_4.o
    0x200001c4   COMPRESSED   0x00000094   Data   RW         5119    .data               system.o
    0x20000258   COMPRESSED   0x000000c8   Data   RW         5178    .data               balance.o
    0x20000320   COMPRESSED   0x00000018   Data   RW         5376    .data               show.o
    0x20000338   COMPRESSED   0x00000002   Data   RW         5704    .data               usbh_core.o
    0x2000033a   COMPRESSED   0x00000002   PAD
    0x2000033c   COMPRESSED   0x0000005c   Data   RW         6230    .data               bsp_ps2.o
    0x20000398   COMPRESSED   0x00000001   Data   RW         6310    .data               usb_host.o
    0x20000399   COMPRESSED   0x00000003   PAD
    0x2000039c   COMPRESSED   0x00000004   Data   RW         6813    .data               mc_w.l(mvars.o)
    0x200003a0   COMPRESSED   0x00000004   Data   RW         6814    .data               mc_w.l(mvars.o)
    0x200003a4   COMPRESSED   0x00000004   Data   RW         6818    .data               mc_w.l(errno.o)
    0x200003a8        -       0x00000100   Zero   RW          416    .bss                adc.o
    0x200004a8        -       0x0000040c   Zero   RW          777    .bss                oled.o
    0x200008b4        -       0x00000009   Zero   RW          942    .bss                pstwo.o
    0x200008bd   COMPRESSED   0x00000003   PAD
    0x200008c0        -       0x00004bbe   Zero   RW         1119    .bss                usartx.o
    0x2000547e   COMPRESSED   0x00000002   PAD
    0x20005480        -       0x00000040   Zero   RW         4268    .bss                queue.o
    0x200054c0        -       0x000002e4   Zero   RW         4525    .bss                tasks.o
    0x200057a4        -       0x00000028   Zero   RW         4858    .bss                timers.o
    0x200057cc        -       0x00005000   Zero   RW         5067    .bss                heap_4.o
    0x2000a7cc        -       0x00000068   Zero   RW         5118    .bss                system.o
    0x2000a834        -       0x00000010   Zero   RW         5177    .bss                balance.o
    0x2000a844        -       0x00000018   Zero   RW         5346    .bss                robot_select_init.o
    0x2000a85c        -       0x000003e0   Zero   RW         6077    .bss                usbh_conf.o
    0x2000ac3c        -       0x00000140   Zero   RW         6228    .bss                bsp_ps2.o
    0x2000ad7c        -       0x000005e8   Zero   RW         6309    .bss                usb_host.o
    0x2000b364   COMPRESSED   0x00000004   PAD
    0x2000b368        -       0x00000200   Zero   RW         1720    HEAP                startup_stm32f40_41xxx.o
    0x2000b568        -       0x00000400   Zero   RW         1719    STACK               startup_stm32f40_41xxx.o


==============================================================================

Image component sizes


      Code (inc. data)   RO Data    RW Data    ZI Data      Debug   Object Name

      1210        162          0         50        256      11135   adc.o
     11984       1232          0        200         16      27089   balance.o
      3122        102          4         92        320      14626   bsp_ps2.o
       248         24          0          8          0       4105   delay.o
      1016         70          0          0          0       7623   encoder.o
         0          0          0          0          0       9868   event_groups.o
       752        176          0         24      20480       4983   heap_4.o
       776        100          0          0          0       6670   i2c.o
        12          0          0          0          0        715   icm20948.o
       256         30          0         30          0       4813   key.o
       308         44          0          8          0       4532   led.o
       148          0          0          0          0       4222   list.o
       268        110          0          4          0     317980   main.o
       180         24          0          0          0       2737   misc.o
       808         46          0          0          0       4519   motor.o
        12          0          0          0          0        710   mpu6050.o
      1378         60       9828          0       1036      14429   oled.o
      1182        396          0         12          0      12865   port.o
      1880        272          0         48          9      93978   pstwo.o
      2384        276          0          0         64      17468   queue.o
       524        126          0          0         24       2321   robot_select_init.o
      7084        876          0         24          0       5300   show.o
        36          8        392          0       1536        972   startup_stm32f40_41xxx.o
       374         24          0          0          0       6882   stm32f4xx_adc.o
       222          0          0          0          0       3707   stm32f4xx_gpio.o
      6620          0          0          0          0      17307   stm32f4xx_hal_hcd.o
        20          0          0          0          0       3725   stm32f4xx_it.o
      3326         44          0          0          0      22830   stm32f4xx_ll_usb.o
        12          6          0          0          0        698   stm32f4xx_pwr.o
       468         58          0         16          0       8594   stm32f4xx_rcc.o
      1484         66          0          0          0      22531   stm32f4xx_tim.o
       404          8          0          0          0       5262   stm32f4xx_usart.o
        20          0          0          0          0       3606   sys.o
       252         12          0        148        104       7360   system.o
       340         32          0         20          0       2425   system_stm32f4xx.o
      3626        928          0         60        740      35977   tasks.o
       172          8          0          0          0        962   timer.o
      1310        312          0         20         40      11015   timers.o
        28          4          0          6          0       3594   usart.o
      4078        454         89        142      19390      43428   usartx.o
       132         22          0          1       1512       2667   usb_host.o
       768         10          0          0        992      18917   usbh_conf.o
      2558         46          0          2          0      16707   usbh_core.o
      2294         12          0          0          0      16966   usbh_ctlreq.o
       372          0          0          0          0      11462   usbh_hid.o
         0          0          0          0          0       4028   usbh_hid_keybd.o
       174          0          0          0          0       4517   usbh_ioreq.o
       250         16          0          0          0       5906   usbh_os_middleware.o
       172          0          0          0          0       5062   usbh_pipes.o

    ----------------------------------------------------------------------
     65108       6196      10352        924      46528     859795   Object Totals
         0          0         32          0          0          0   (incl. Generated)
        64          0          7          9          9          0   (incl. Padding)

    ----------------------------------------------------------------------

      Code (inc. data)   RO Data    RW Data    ZI Data      Debug   Library Member Name

       184         44          0          0          0        744   dunder.o
        24          0          0          0          0        124   fabs.o
        48          0          0          0          0        124   fpclassify.o
       248          0          0          0          0        152   poly.o
      3152        296        136          0          0        352   pow.o
         0          0          8          0          0          0   qnan.o
      1080        142        200          0          0        188   rred.o
       232          0          0          0          0        296   sqrt.o
       128         20          0          0          0        144   tan.o
       848         84         96          0          0        196   tan_i.o
        86          0          0          0          0          0   __dczerorl2.o
         0          0          0          0          0          0   entry.o
         0          0          0          0          0          0   entry10a.o
         0          0          0          0          0          0   entry11a.o
         4          0          0          0          0          0   entry12b.o
         8          4          0          0          0          0   entry2.o
         4          0          0          0          0          0   entry5.o
         0          0          0          0          0          0   entry7b.o
         0          0          0          0          0          0   entry8b.o
         8          4          0          0          0          0   entry9a.o
        12          6          0          4          0         68   errno.o
        30          0          0          0          0          0   handlers.o
        36          8          0          0          0         68   init.o
         0          0          0          0          0          0   iusefp.o
        30          0          0          0          0         68   llshl.o
        36          0          0          0          0         68   llsshr.o
        32          0          0          0          0         68   llushr.o
       188         20          0          0          0        160   malloc.o
        36          0          0          0          0         68   memcpya.o
        36          0          0          0          0        108   memseta.o
         0          0          0          8          0          0   mvars.o
      2218         90          0          0          0        464   printfa.o
        44          0          0          0          0         80   uidiv.o
        98          0          0          0          0         92   uldiv.o
        48          0          0          0          0         68   cdrcmple.o
        56          0          0          0          0         88   d2f.o
       334          0          0          0          0        148   dadd.o
       222          0          0          0          0        100   ddiv.o
       186          0          0          0          0        176   depilogue.o
        62          0          0          0          0         80   dfixi.o
        48          0          0          0          0         68   dfixul.o
        34          0          0          0          0         76   dflti.o
        26          0          0          0          0         76   dfltui.o
       228          0          0          0          0         96   dmul.o
        46          0          0          0          0         80   dscalb.o
       162          0          0          0          0        100   dsqrt.o
        38          0          0          0          0         68   f2d.o
       110          0          0          0          0        168   fepilogue.o

    ----------------------------------------------------------------------
     10468        718        440         12          0       5024   Library Totals
        18          0          0          0          0          0   (incl. Padding)

    ----------------------------------------------------------------------

      Code (inc. data)   RO Data    RW Data    ZI Data      Debug   Library Name

      5944        586        440          0          0       2320   m_wm.l
      2906        132          0         12          0       1312   mc_w.l
      1600          0          0          0          0       1392   mf_w.l

    ----------------------------------------------------------------------
     10468        718        440         12          0       5024   Library Totals

    ----------------------------------------------------------------------

==============================================================================


      Code (inc. data)   RO Data    RW Data    ZI Data      Debug   

     75576       6914      10792        936      46528     824299   Grand Totals
     75576       6914      10792        288      46528     824299   ELF Image Totals (compressed)
     75576       6914      10792        288          0          0   ROM Totals

==============================================================================

    Total RO  Size (Code + RO Data)                86368 (  84.34kB)
    Total RW  Size (RW Data + ZI Data)             47464 (  46.35kB)
    Total ROM Size (Code + RO Data + RW Data)      86656 (  84.63kB)

==============================================================================

